Archive member included to satisfy reference by file (symbol)

/opt/devkitpro/devkitARM/lib/gcc/arm-none-eabi/16.1.0/thumb/libgcc.a(_sync_none.o)
                              (__sync_synchronize_none)

Merging object attributes


Discarded input sections

 .text          0x00000000        0x0 /opt/devkitpro/devkitARM/lib/gcc/arm-none-eabi/16.1.0/../../../../arm-none-eabi/lib/thumb/gba_crt0.o
 .data          0x00000000        0x0 /opt/devkitpro/devkitARM/lib/gcc/arm-none-eabi/16.1.0/../../../../arm-none-eabi/lib/thumb/gba_crt0.o
 .bss           0x00000000        0x0 /opt/devkitpro/devkitARM/lib/gcc/arm-none-eabi/16.1.0/../../../../arm-none-eabi/lib/thumb/gba_crt0.o
 .text          0x00000000        0x0 /opt/devkitpro/devkitARM/lib/gcc/arm-none-eabi/16.1.0/thumb/crti.o
 .data          0x00000000        0x0 /opt/devkitpro/devkitARM/lib/gcc/arm-none-eabi/16.1.0/thumb/crti.o
 .bss           0x00000000        0x0 /opt/devkitpro/devkitARM/lib/gcc/arm-none-eabi/16.1.0/thumb/crti.o
 .text          0x00000000        0x0 /opt/devkitpro/devkitARM/lib/gcc/arm-none-eabi/16.1.0/thumb/crtbegin.o
 .data          0x00000000        0x0 /opt/devkitpro/devkitARM/lib/gcc/arm-none-eabi/16.1.0/thumb/crtbegin.o
 .bss           0x00000000        0x0 /opt/devkitpro/devkitARM/lib/gcc/arm-none-eabi/16.1.0/thumb/crtbegin.o
 .rodata.all_implied_fbits
                0x00000000       0x24 /opt/devkitpro/devkitARM/lib/gcc/arm-none-eabi/16.1.0/thumb/crtbegin.o
 .data.__dso_handle
                0x00000000        0x4 /opt/devkitpro/devkitARM/lib/gcc/arm-none-eabi/16.1.0/thumb/crtbegin.o
 .text          0x00000000        0x0 bn_audio_soundbank.bin.o
 .data          0x00000000        0x0 bn_audio_soundbank.bin.o
 .bss           0x00000000        0x0 bn_audio_soundbank.bin.o
 .text          0x00000000        0x0 main.o
 .data          0x00000000        0x0 main.o
 .bss           0x00000000        0x0 main.o
 .group         0x00000000        0xc bn_affine_bg_animate_actions.o
 .group         0x00000000        0xc bn_affine_bg_animate_actions.o
 .group         0x00000000        0xc bn_affine_bg_animate_actions.o
 .group         0x00000000        0xc bn_affine_bg_animate_actions.o
 .group         0x00000000        0xc bn_affine_bg_animate_actions.o
 .group         0x00000000        0xc bn_affine_bg_animate_actions.o
 .group         0x00000000        0xc bn_affine_bg_animate_actions.o
 .group         0x00000000        0xc bn_affine_bg_animate_actions.o
 .group         0x00000000        0xc bn_affine_bg_animate_actions.o
 .text          0x00000000        0x0 bn_affine_bg_animate_actions.o
 .data          0x00000000        0x0 bn_affine_bg_animate_actions.o
 .bss           0x00000000        0x0 bn_affine_bg_animate_actions.o
 .text._ZN2bn25iaffine_bg_animate_action9_set_refsERNS_13affine_bg_ptrERNS_18affine_bg_map_itemERNS_7ivectorItEE
                0x00000000        0x4 bn_affine_bg_animate_actions.o
 .text._ZN2bn25iaffine_bg_animate_action7_assignERKS0_
                0x00000000       0x10 bn_affine_bg_animate_actions.o
 .text._ZN2bn32iaffine_bg_cached_animate_action9_set_refsERNS_13affine_bg_ptrERNS_7ivectorINS_17affine_bg_map_ptrEEE
                0x00000000        0x4 bn_affine_bg_animate_actions.o
 .text._ZN2bn32iaffine_bg_cached_animate_action7_assignERKS0_
                0x00000000       0x10 bn_affine_bg_animate_actions.o
 .text._ZN3_bn6assert9show_argsIJA23_ciA4_ciEEEvPKcS5_S5_iDpRKT_
                0x00000000       0x58 bn_affine_bg_animate_actions.o
 .rodata._ZN2bn7ivectorINS_17affine_bg_map_ptrEE9push_backEOS1_.part.0.str1.4
                0x00000000       0x2b bn_affine_bg_animate_actions.o
 .text._ZN2bn7ivectorINS_17affine_bg_map_ptrEE9push_backEOS1_.part.0
                0x00000000       0x28 bn_affine_bg_animate_actions.o
 .rodata._ZN2bn25iaffine_bg_animate_action6updateEv.str1.4
                0x00000000       0x84 bn_affine_bg_animate_actions.o
 .text._ZN2bn25iaffine_bg_animate_action6updateEv
                0x00000000       0xb8 bn_affine_bg_animate_actions.o
 .text._ZN2bn32iaffine_bg_cached_animate_action6updateEv
                0x00000000       0xa8 bn_affine_bg_animate_actions.o
 .text._ZN3_bn6assert9show_argsIA23_ciEEvPKcS4_S4_iRKT_RKT0_
                0x00000000       0x54 bn_affine_bg_animate_actions.o
 .rodata._ZN2bn25iaffine_bg_animate_action16set_wait_updatesEi.str1.4
                0x00000000       0x98 bn_affine_bg_animate_actions.o
 .text._ZN2bn25iaffine_bg_animate_action16set_wait_updatesEi
                0x00000000       0x64 bn_affine_bg_animate_actions.o
 .text._ZN2bn32iaffine_bg_cached_animate_action16set_wait_updatesEi
                0x00000000       0x64 bn_affine_bg_animate_actions.o
 .text._ZN3_bn6assert9show_argsIA28_ciEEvPKcS4_S4_iRKT_RKT0_
                0x00000000       0x54 bn_affine_bg_animate_actions.o
 .rodata._ZN2bn25iaffine_bg_animate_action19_assign_map_indexesERKNS_4spanIKtEE.str1.4
                0x00000000       0x80 bn_affine_bg_animate_actions.o
[...]
Memory Configuration

Name             Origin             Length             Attributes
rom              0x08000000         0x02000000
iwram            0x03000000         0x00008000
ewram            0x02000000         0x00040000
*default*        0x00000000         0xffffffff

Linker script and memory map

                0x00000000                        __sync_synchronize = __sync_synchronize_none
                0x08000000                        __text_start = ORIGIN (rom)
                0x02040000                        __eheap_end = (ORIGIN (ewram) + LENGTH (ewram))
                0x03000000                        __iwram_start = ORIGIN (iwram)
                0x03008000                        __iwram_top = (ORIGIN (iwram) + LENGTH (iwram))
                0x03007fa0                        __sp_irq = (__iwram_top - 0x60)
                0x03007f00                        __sp_usr = (__sp_irq - 0xa0)
                0x03007ff8                        __irq_flags = 0x3007ff8
                0x08000000                        . = __text_start

.crt0           0x08000000      0x210
 *(.crt0)
 .crt0          0x08000000      0x210 /opt/devkitpro/devkitARM/lib/gcc/arm-none-eabi/16.1.0/../../../../arm-none-eabi/lib/thumb/gba_crt0.o
                0x08000000                _start
                0x080000c4                __boot_method
                0x080000c5                __slave_number
                0x080000e0                start_vector
                0x08000210                        . = ALIGN (0x4)

.init           0x08000210        0xc
 *(SORT_NONE(.init))
 .init          0x08000210        0x4 /opt/devkitpro/devkitARM/lib/gcc/arm-none-eabi/16.1.0/thumb/crti.o
                0x08000210                _init
 .init          0x08000214        0x8 /opt/devkitpro/devkitARM/lib/gcc/arm-none-eabi/16.1.0/thumb/crtn.o

.plt            0x0800021c        0x0
 *(.plt)
                0x0800021c                        . = ALIGN (0x4)

.text           0x08000220     0xe248
 *(EXCLUDE_FILE(*.iwram*) .text*)
 .text.__do_global_dtors_aux
                0x08000220       0x2c /opt/devkitpro/devkitARM/lib/gcc/arm-none-eabi/16.1.0/thumb/crtbegin.o
 .text.frame_dummy
                0x0800024c       0x24 /opt/devkitpro/devkitARM/lib/gcc/arm-none-eabi/16.1.0/thumb/crtbegin.o
 .text.startup.main
                0x08000270        0xc main.o
                0x08000270                main
 .text._ZN2bn13ostringstream11append_argsIiJA4_ciEEEvRKT_DpRKT0_.isra.0
                0x0800027c       0x24 bn_affine_bg_animate_actions.o
 .text._ZN3_bn6assert9show_argsIJA16_ciA4_ciEEEvPKcS5_S5_iDpRKT_
                0x080002a0       0x58 bn_affine_bg_animate_actions.o
                0x080002a0                void _bn::assert::show_args<char [16], int, char [4], int>(char const*, char const*, char const*, int, char const (&) [16], int const&, char const (&) [4], int const&)
 .text._ZN3_bn6assert9show_argsIA15_cEEvPKcS4_S4_iRKT_
                0x080002f8       0x48 bn_affine_bg_animate_actions.o
                0x080002f8                void _bn::assert::show_args<char [15]>(char const*, char const*, char const*, int, char const (&) [15])
 .text._ZN3_bn6assert9show_argsIA24_ciEEvPKcS4_S4_iRKT_RKT0_
                0x08000340       0x54 bn_affine_bg_animate_actions.o
                0x08000340                void _bn::assert::show_args<char [24], int>(char const*, char const*, char const*, int, char const (&) [24], int const&)
 .text._ZN3_bn6assert9show_argsIJA19_ciA4_ciEEEvPKcS5_S5_iDpRKT_
                0x08000394       0x58 bn_affine_bg_animate_actions.o
                0x08000394                void _bn::assert::show_args<char [19], int, char [4], int>(char const*, char const*, char const*, int, char const (&) [19], int const&, char const (&) [4], int const&)
 .text._ZN2bn13audio_manager4initEv
                0x080003ec       0x60 bn_audio_manager.bn_noflto.o
                0x080003ec                bn::audio_manager::init()
 .text._ZN2bn13audio_manager7disableEv
                0x0800044c       0x10 bn_audio_manager.bn_noflto.o
                0x0800044c                bn::audio_manager::disable()
 .text._ZN2bn13audio_manager10sound_dataEt
                0x0800045c       0x5c bn_audio_manager.bn_noflto.o
                0x0800045c                bn::audio_manager::sound_data(unsigned short)
 .text._ZN2bn13audio_manager6updateEv
                0x080004b8       0x18 bn_audio_manager.bn_noflto.o
                0x080004b8                bn::audio_manager::update()
 .text._ZN2bn13audio_manager13vblank_commitEv
                0x080004d0       0x2c bn_audio_manager.bn_noflto.o
                0x080004d0                bn::audio_manager::vblank_commit()
 .text._ZN2bn13audio_manager14delayed_commitEv
                0x080004fc       0x34 bn_audio_manager.bn_noflto.o
                0x080004fc                bn::audio_manager::delayed_commit()
 .text._ZN2bn13audio_manager4stopEv
                0x08000530       0x78 bn_audio_manager.bn_noflto.o
                0x08000530                bn::audio_manager::stop()
 .text._ZN3_bn6assert9show_argsIA18_ciEEvPKcS4_S4_iRKT_RKT0_
                0x080005a8       0x54 bn_audio_manager.bn_noflto.o
                0x080005a8                void _bn::assert::show_args<char [18], int>(char const*, char const*, char const*, int, char const (&) [18], int const&)
 .text._ZN3_bn6assert9show_argsIA14_ciEEvPKcS4_S4_iRKT_RKT0_
                0x080005fc       0x54 bn_audio_manager.bn_noflto.o
                0x080005fc                void _bn::assert::show_args<char [14], int>(char const*, char const*, char const*, int, char const (&) [14], int const&)
 .text._ZN3_bn6assert9show_argsIA26_ciEEvPKcS4_S4_iRKT_RKT0_
                0x08000650       0x54 bn_audio_manager.bn_noflto.o
                0x08000650                void _bn::assert::show_args<char [26], int>(char const*, char const*, char const*, int, char const (&) [26], int const&)
 .text._ZN3_bn6assert9show_argsIA33_cEEvPKcS4_S4_iRKT_
                0x080006a4       0x48 bn_audio_manager.bn_noflto.o
                0x080006a4                void _bn::assert::show_args<char [33]>(char const*, char const*, char const*, int, char const (&) [33])
 .text._ZN3_bn6assert9show_argsIA25_cEEvPKcS4_S4_iRKT_
                0x080006ec       0x48 bn_audio_manager.bn_noflto.o
                0x080006ec                void _bn::assert::show_args<char [25]>(char const*, char const*, char const*, int, char const (&) [25])
 .text._ZN3_bn6assert9show_argsIA20_cEEvPKcS4_S4_iRKT_
                0x08000734       0x48 bn_audio_manager.bn_noflto.o
                0x08000734                void _bn::assert::show_args<char [20]>(char const*, char const*, char const*, int, char const (&) [20])
 .text._ZN3_bn6assert9show_argsIA26_cEEvPKcS4_S4_iRKT_
                0x0800077c       0x48 bn_audio_manager.bn_noflto.o
                0x0800077c                void _bn::assert::show_args<char [26]>(char const*, char const*, char const*, int, char const (&) [26])
 .text._ZN3_bn6assert9show_argsIA21_cEEvPKcS4_S4_iRKT_
                0x080007c4       0x48 bn_audio_manager.bn_noflto.o
                0x080007c4                void _bn::assert::show_args<char [21]>(char const*, char const*, char const*, int, char const (&) [21])
 .text._ZN3_bn6assert9show_argsIA22_cEEvPKcS4_S4_iRKT_
                0x0800080c       0x48 bn_audio_manager.bn_noflto.o
                0x0800080c                void _bn::assert::show_args<char [22]>(char const*, char const*, char const*, int, char const (&) [22])
 .text._ZN3_bn6assert9show_argsIA25_ciEEvPKcS4_S4_iRKT_RKT0_
                0x08000854       0x54 bn_audio_manager.bn_noflto.o
                0x08000854                void _bn::assert::show_args<char [25], int>(char const*, char const*, char const*, int, char const (&) [25], int const&)
 .text._ZN2bn13audio_manager16execute_commandsEv
                0x080008a8      0x770 bn_audio_manager.bn_noflto.o
                0x080008a8                bn::audio_manager::execute_commands()
 .text._ZN3_bn6assert9show_argsIA17_cEEvPKcS4_S4_iRKT_
                0x08001018       0x48 bn_audio_manager.bn_noflto.o
                0x08001018                void _bn::assert::show_args<char [17]>(char const*, char const*, char const*, int, char const (&) [17])
 .text._ZN2bn18best_fit_allocator4freeEPv
                0x08001060      0x110 bn_best_fit_allocator.o
                0x08001060                bn::best_fit_allocator::free(void*)
 .text._ZN3_bn6assert9show_argsIA23_cEEvPKcS4_S4_iRKT_
                0x08001170       0x48 bn_best_fit_allocator.o
                0x08001170                void _bn::assert::show_args<char [23]>(char const*, char const*, char const*, int, char const (&) [23])
 .text._ZN3_bn6assert9show_argsIA16_ciEEvPKcS4_S4_iRKT_RKT0_
                0x080011b8       0x54 bn_best_fit_allocator.o
                0x080011b8                void _bn::assert::show_args<char [16], int>(char const*, char const*, char const*, int, char const (&) [16], int const&)
 .text._ZN3_bn6assert9show_argsIA14_cEEvPKcS4_S4_iRKT_
                0x0800120c       0x48 bn_best_fit_allocator.o
                0x0800120c                void _bn::assert::show_args<char [14]>(char const*, char const*, char const*, int, char const (&) [14])
 .text._ZN2bn18best_fit_allocator5resetEPvi
                0x08001254       0xd4 bn_best_fit_allocator.o
                0x08001254                bn::best_fit_allocator::reset(void*, int)
 .text._ZN2bn17bg_blocks_manager12_GLOBAL__N_1L17_hw_commit_offsetEPKtjtPt
                0x08001328       0x74 bn_bg_blocks_manager.o
 .text._ZNK2bn18regular_bg_map_ptr2idEv
                0x0800139c       0x18 bn_bg_blocks_manager.o
                0x0800139c                bn::regular_bg_map_ptr::id() const
 .text._ZNK2bn18regular_bg_map_ptr10dimensionsEv
                0x080013b4       0x20 bn_bg_blocks_manager.o
                0x080013b4                bn::regular_bg_map_ptr::dimensions() const
 .text._ZNK2bn18regular_bg_map_ptr3bppEv
                0x080013d4       0x1c bn_bg_blocks_manager.o
                0x080013d4                bn::regular_bg_map_ptr::bpp() const
 .text._ZNK2bn20regular_bg_tiles_ptr3cbbEv
                0x080013f0       0x18 bn_bg_blocks_manager.o
                0x080013f0                bn::regular_bg_tiles_ptr::cbb() const
 .text._ZNK2bn17affine_bg_map_ptr2idEv
                0x08001408       0x18 bn_bg_blocks_manager.o
                0x08001408                bn::affine_bg_map_ptr::id() const
 .text._ZNK2bn17affine_bg_map_ptr10dimensionsEv
                0x08001420       0x20 bn_bg_blocks_manager.o
                0x08001420                bn::affine_bg_map_ptr::dimensions() const
 .text._ZNK2bn19affine_bg_tiles_ptr3cbbEv
                0x08001440       0x18 bn_bg_blocks_manager.o
                0x08001440                bn::affine_bg_tiles_ptr::cbb() const
 .text._ZN2bn17bg_blocks_manager4initEv
                0x08001458       0x94 bn_bg_blocks_manager.o
                0x08001458                bn::bg_blocks_manager::init()
 .text._ZN2bn17bg_blocks_manager11must_commitEi
                0x080014ec       0x18 bn_bg_blocks_manager.o
                0x080014ec                bn::bg_blocks_manager::must_commit(int)
 .text._ZN2bn17bg_blocks_manager6updateEv
                0x08001504      0x240 bn_bg_blocks_manager.o
                0x08001504                bn::bg_blocks_manager::update()
 .text._ZN3_bn6assert9show_argsIA15_ciEEvPKcS4_S4_iRKT_RKT0_
                0x08001744       0x54 bn_bg_blocks_manager.o
                0x08001744                void _bn::assert::show_args<char [15], int>(char const*, char const*, char const*, int, char const (&) [15], int const&)
 .text._ZN3_bn6assert9show_argsIA27_ciEEvPKcS4_S4_iRKT_RKT0_
                0x08001798       0x54 bn_bg_blocks_manager.o
                0x08001798                void _bn::assert::show_args<char [27], int>(char const*, char const*, char const*, int, char const (&) [27], int const&)
 .text._ZN2bn17bg_blocks_manager12_GLOBAL__N_1L10_hw_commitEPKtNS_16compression_typeEibPt
                0x080017ec       0x68 bn_bg_blocks_manager.o
 .text._ZN3_bn6assert9show_argsIA22_ciEEvPKcS4_S4_iRKT_RKT0_
                0x08001854       0x54 bn_bg_blocks_manager.o
                0x08001854                void _bn::assert::show_args<char [22], int>(char const*, char const*, char const*, int, char const (&) [22], int const&)
 .text._ZN3_bn6assert9show_argsIA31_cEEvPKcS4_S4_iRKT_
                0x080018a8       0x48 bn_bg_blocks_manager.o
                0x080018a8                void _bn::assert::show_args<char [31]>(char const*, char const*, char const*, int, char const (&) [31])
 .text._ZNK2bn8optionalINS_19affine_bg_tiles_ptrEEptEv.part.0
                0x080018f0       0x28 bn_bg_blocks_manager.o
 .text._ZN2bn17bg_blocks_manager22update_regular_map_colEiii
                0x08001918      0x1c0 bn_bg_blocks_manager.o
                0x08001918                bn::bg_blocks_manager::update_regular_map_col(int, int, int)
 .text._ZN2bn17bg_blocks_manager22update_regular_map_rowEiii
                0x08001ad8      0x16c bn_bg_blocks_manager.o
                0x08001ad8                bn::bg_blocks_manager::update_regular_map_row(int, int, int)
 .text._ZN2bn17bg_blocks_manager24set_regular_map_positionEiii
                0x08001c44      0x22c bn_bg_blocks_manager.o
                0x08001c44                bn::bg_blocks_manager::set_regular_map_position(int, int, int)
 .text._ZN2bn17bg_blocks_manager12_GLOBAL__N_1L12_commit_itemERKNS1_9item_typeEb
                0x08001e70      0x1b8 bn_bg_blocks_manager.o
 .text._ZN2bn17bg_blocks_manager19commit_uncompressedEb
                0x08002028       0xf0 bn_bg_blocks_manager.o
                0x08002028                bn::bg_blocks_manager::commit_uncompressed(bool)
 .text._ZN2bn17bg_blocks_manager17commit_compressedEv
                0x08002118       0x48 bn_bg_blocks_manager.o
                0x08002118                bn::bg_blocks_manager::commit_compressed()
 .text._ZN2bn17bg_blocks_manager21update_affine_map_rowEiii
                0x08002160      0x144 bn_bg_blocks_manager.o
                0x08002160                bn::bg_blocks_manager::update_affine_map_row(int, int, int)
 .text._ZN2bn17bg_blocks_manager28update_affine_map_bottom_rowEiii
                0x080022a4       0x30 bn_bg_blocks_manager.o
                0x080022a4                bn::bg_blocks_manager::update_affine_map_bottom_row(int, int, int)
 .text._ZN2bn17bg_blocks_manager23set_affine_map_positionEiii
                0x080022d4      0x1d4 bn_bg_blocks_manager.o
                0x080022d4                bn::bg_blocks_manager::set_affine_map_position(int, int, int)
 .text._ZN2bn17bg_blocks_manager21update_affine_map_colEiii
                0x080024a8      0x2f8 bn_bg_blocks_manager.o
                0x080024a8                bn::bg_blocks_manager::update_affine_map_col(int, int, int)
 .text._ZN2bn17bg_blocks_manager27update_affine_map_right_colEiii
                0x080027a0       0x30 bn_bg_blocks_manager.o
                0x080027a0                bn::bg_blocks_manager::update_affine_map_right_col(int, int, int)
 .text._ZNK2bn8optionalINS_20regular_bg_tiles_ptrEEdeEv.part.0
                0x080027d0       0x28 bn_bg_blocks_manager.o
 .text._ZNK2bn17affine_bg_map_ptr5tilesEv
                0x080027f8       0x28 bn_bg_blocks_manager.o
                0x080027f8                bn::affine_bg_map_ptr::tiles() const
 .text._ZNK2bn18regular_bg_map_ptr5tilesEv
                0x08002820       0x28 bn_bg_blocks_manager.o
                0x08002820                bn::regular_bg_map_ptr::tiles() const
 .text._ZN3_bn6assert9show_argsIA39_ciEEvPKcS4_S4_iRKT_RKT0_
                0x08002848       0x54 bn_bg_blocks_manager.o
                0x08002848                void _bn::assert::show_args<char [39], int>(char const*, char const*, char const*, int, char const (&) [39], int const&)
 .text._ZN2bn11bgs_manager12_GLOBAL__N_1L33_update_item_hw_affine_attributesERKNS1_9item_typeE
                0x0800289c       0x48 bn_bgs_manager.o
 .text._ZN2bn11bgs_manager4initEv
                0x080028e4       0x98 bn_bgs_manager.o
                0x080028e4                bn::bgs_manager::init()
 .text._ZN2bn11bgs_manager5hw_idEPv
                0x0800297c        0x8 bn_bgs_manager.o
                0x0800297c                bn::bgs_manager::hw_id(void*)
 .text._ZN2bn11bgs_manager11hw_positionEPv
                0x08002984        0x4 bn_bgs_manager.o
                0x08002984                bn::bgs_manager::hw_position(void*)
 .text._ZN2bn11bgs_manager14mat_attributesEPv
                0x08002988        0x4 bn_bgs_manager.o
                0x08002988                bn::bgs_manager::mat_attributes(void*)
 .text._ZN2bn11bgs_manager20update_windows_flagsEPj
                0x0800298c       0x7c bn_bgs_manager.o
                0x0800298c                bn::bgs_manager::update_windows_flags(unsigned int*)
 .text._ZN2bn11bgs_manager14update_camerasEv
                0x08002a08      0x138 bn_bgs_manager.o
                0x08002a08                bn::bgs_manager::update_cameras()
 .text._ZN2bn11bgs_manager36fill_hblank_effect_regular_positionsEiPKNS_7fixed_tILi12EEEPt
                0x08002b40       0x30 bn_bgs_manager.o
                0x08002b40                bn::bgs_manager::fill_hblank_effect_regular_positions(int, bn::fixed_t<12> const*, unsigned short*)
 .text._ZN2bn11bgs_manager45fill_hblank_effect_pivot_horizontal_positionsEPvPKNS_7fixed_tILi12EEEPj
                0x08002b70       0x28 bn_bgs_manager.o
                0x08002b70                bn::bgs_manager::fill_hblank_effect_pivot_horizontal_positions(void*, bn::fixed_t<12> const*, unsigned int*)
 .text._ZN2bn11bgs_manager43fill_hblank_effect_pivot_vertical_positionsEPvPKNS_7fixed_tILi12EEEPj
                0x08002b98       0x28 bn_bgs_manager.o
                0x08002b98                bn::bgs_manager::fill_hblank_effect_pivot_vertical_positions(void*, bn::fixed_t<12> const*, unsigned int*)
 .text._ZN2bn11bgs_manager36fill_hblank_effect_bitmap_attributesEPvPKNS_20bitmap_bg_attributesEPt
                0x08002bc0       0x50 bn_bgs_manager.o
                0x08002bc0                bn::bgs_manager::fill_hblank_effect_bitmap_attributes(void*, bn::bitmap_bg_attributes const*, unsigned short*)
 .text._ZN2bn11bgs_manager6commitEb
                0x08002c10       0x58 bn_bgs_manager.o
                0x08002c10                bn::bgs_manager::commit(bool)
 .text._ZN2bn11bgs_manager4stopEv
                0x08002c68       0x28 bn_bgs_manager.o
                0x08002c68                bn::bgs_manager::stop()
 .text._ZN3_bn6assert9show_argsIA30_cEEvPKcS4_S4_iRKT_
                0x08002c90       0x48 bn_bgs_manager.o
                0x08002c90                void _bn::assert::show_args<char [30]>(char const*, char const*, char const*, int, char const (&) [30])
 .text._ZNK2bn8optionalINS_17affine_bg_map_ptrEEdeEv.part.0
                0x08002cd8       0x28 bn_bgs_manager.o
 .text._ZN2bn11bgs_manager11regular_mapEPv
                0x08002d00       0x14 bn_bgs_manager.o
                0x08002d00                bn::bgs_manager::regular_map(void*)
 .text._ZN2bn11bgs_manager10affine_mapEPv
                0x08002d14       0x14 bn_bgs_manager.o
                0x08002d14                bn::bgs_manager::affine_map(void*)
 .text._ZN2bn8optionalINS_17affine_bg_map_ptrEEptEv.part.0
                0x08002d28       0x28 bn_bgs_manager.o
 .text._ZN2bn11bgs_manager15commit_big_mapsEv
                0x08002d50      0x1ec bn_bgs_manager.o
                0x08002d50                bn::bgs_manager::commit_big_maps()
 .text._ZN3_bn6assert9show_argsIA27_cEEvPKcS4_S4_iRKT_
                0x08002f3c       0x48 bn_bgs_manager.o
                0x08002f3c                void _bn::assert::show_args<char [27]>(char const*, char const*, char const*, int, char const (&) [27])
 .text._ZN2bn11bgs_manager36fill_hblank_effect_affine_attributesEPvPKNS_20affine_bg_attributesEPt
                0x08002f84       0xf4 bn_bgs_manager.o
                0x08002f84                bn::bgs_manager::fill_hblank_effect_affine_attributes(void*, bn::affine_bg_attributes const*, unsigned short*)
 .text._ZN2bn11bgs_manager37fill_hblank_effect_regular_attributesEPvPKNS_21regular_bg_attributesEPt
                0x08003078       0xf8 bn_bgs_manager.o
                0x08003078                bn::bgs_manager::fill_hblank_effect_regular_attributes(void*, bn::regular_bg_attributes const*, unsigned short*)
 .text._ZN2bn11bgs_manager15rebuild_handlesEv.part.0
                0x08003170      0x288 bn_bgs_manager.o
 .text._ZN2bn11bgs_manager6updateEv
                0x080033f8      0x138 bn_bgs_manager.o
                0x080033f8                bn::bgs_manager::update()
 .text._ZN3_bn6assert9show_argsIA13_cEEvPKcS4_S4_iRKT_
                0x08003530       0x48 bn_bgs_manager.o
                0x08003530                void _bn::assert::show_args<char [13]>(char const*, char const*, char const*, int, char const (&) [13])
 .text._ZNK2bn10camera_ptr8positionEv
                0x08003578       0x14 bn_cameras_manager.o
                0x08003578                bn::camera_ptr::position() const
 .text._ZN2bn15cameras_manager4initEv
                0x0800358c       0x24 bn_cameras_manager.o
                0x0800358c                bn::cameras_manager::init()
 .text._ZN2bn15cameras_manager6updateEv
                0x080035b0       0x28 bn_cameras_manager.o
                0x080035b0                bn::cameras_manager::update()
 .text._ZN2bn4core12_GLOBAL__N_1L12_vblank_intrEv
                0x080035d8       0x44 bn_core.o
 .text._ZN2bn4core12_GLOBAL__N_1L11update_implEv
                0x0800361c      0x11c bn_core.o
 .text._ZN2bn4core12_GLOBAL__N_1L4stopEb
                0x08003738       0x78 bn_core.o
 .text._ZN2bn4core6updateEv
                0x080037b0       0x78 bn_core.o
                0x080037b0                bn::core::update()
 .text._ZN2bn4core4initERKNS_8optionalINS_5colorEEERKNS_11string_viewE
                0x08003828      0x13c bn_core.o
                0x08003828                bn::core::init(bn::optional<bn::color> const&, bn::string_view const&)
 .text._ZN2bn4core4initEv
                0x08003964       0x20 bn_core.o
                0x08003964                bn::core::init()
 .text._ZN3_bn6assert12_GLOBAL__N_1L10_show_implEPKcS3_S3_iRKN2bn11string_viewE
                0x08003984       0xd0 bn_core.o
 .text._ZN3_bn6assert4showEPKcS2_S2_iRKN2bn12istring_baseE
                0x08003a54       0x18 bn_core.o
                0x08003a54                _bn::assert::show(char const*, char const*, char const*, int, bn::istring_base const&)
 .text._ZN2bn15display_manager12_GLOBAL__N_1L34_update_rect_windows_hw_boundariesEi
                0x08003a6c       0x84 bn_display_manager.o
 .text._ZN2bn15display_manager4initEv
                0x08003af0       0xa4 bn_display_manager.o
                0x08003af0                bn::display_manager::init()
 .text._ZN2bn15display_manager8set_modeEi
                0x08003b94       0x1c bn_display_manager.o
                0x08003b94                bn::display_manager::set_mode(int)
 .text._ZN2bn15display_manager14set_bg_enabledEib
                0x08003bb0       0x1c bn_display_manager.o
                0x08003bb0                bn::display_manager::set_bg_enabled(int, bool)
 .text._ZN2bn15display_manager15disable_all_bgsEv
                0x08003bcc       0x18 bn_display_manager.o
                0x08003bcc                bn::display_manager::disable_all_bgs()
 .text._ZN2bn15display_manager36fill_mosaic_hblank_effect_attributesEPKNS_17mosaic_attributesEPt
                0x08003be4       0x98 bn_display_manager.o
                0x08003be4                bn::display_manager::fill_mosaic_hblank_effect_attributes(bn::mosaic_attributes const*, unsigned short*)
 .text._ZN2bn15display_manager27set_blending_top_bg_enabledEib
                0x08003c7c       0x20 bn_display_manager.o
                0x08003c7c                bn::display_manager::set_blending_top_bg_enabled(int, bool)
 .text._ZN2bn15display_manager30set_blending_bottom_bg_enabledEib
                0x08003c9c       0x20 bn_display_manager.o
                0x08003c9c                bn::display_manager::set_blending_bottom_bg_enabled(int, bool)
 .text._ZN2bn15display_manager32blending_transparency_top_weightEv
                0x08003cbc       0x18 bn_display_manager.o
                0x08003cbc                bn::display_manager::blending_transparency_top_weight()
 .text._ZN2bn15display_manager35blending_transparency_bottom_weightEv
                0x08003cd4       0x28 bn_display_manager.o
                0x08003cd4                bn::display_manager::blending_transparency_bottom_weight()
 .text._ZN2bn15display_manager51fill_blending_transparency_hblank_effect_attributesEPKNS_32blending_transparency_attributesEPt
                0x08003cfc       0x30 bn_display_manager.o
                0x08003cfc                bn::display_manager::fill_blending_transparency_hblank_effect_attributes(bn::blending_transparency_attributes const*, unsigned short*)
 .text._ZN2bn15display_manager21blending_fade_enabledEv
                0x08003d2c        0xc bn_display_manager.o
                0x08003d2c                bn::display_manager::blending_fade_enabled()
 .text._ZN2bn15display_manager39fill_blending_fade_hblank_effect_alphasEPKNS_19blending_fade_alphaEPt
                0x08003d38       0x24 bn_display_manager.o
                0x08003d38                bn::display_manager::fill_blending_fade_hblank_effect_alphas(bn::blending_fade_alpha const*, unsigned short*)
 .text._ZN2bn15display_manager26update_windows_visible_bgsEv
                0x08003d5c       0x14 bn_display_manager.o
                0x08003d5c                bn::display_manager::update_windows_visible_bgs()
 .text._ZN2bn15display_manager36rect_window_hw_horizontal_boundariesEi
                0x08003d70       0x18 bn_display_manager.o
                0x08003d70                bn::display_manager::rect_window_hw_horizontal_boundaries(int)
 .text._ZN2bn15display_manager34rect_window_hw_vertical_boundariesEi
                0x08003d88       0x18 bn_display_manager.o
                0x08003d88                bn::display_manager::rect_window_hw_vertical_boundaries(int)
 .text._ZN2bn15display_manager52fill_rect_window_hblank_effect_horizontal_boundariesERKSt4pairIiiEPKS1_INS_7fixed_tILi12EEES6_EPt
                0x08003da0      0x13c bn_display_manager.o
                0x08003da0                bn::display_manager::fill_rect_window_hblank_effect_horizontal_boundaries(std::pair<int, int> const&, std::pair<bn::fixed_t<12>, bn::fixed_t<12> > const*, unsigned short*)
 .text._ZN2bn15display_manager50fill_rect_window_hblank_effect_vertical_boundariesERKSt4pairIiiEPKS1_INS_7fixed_tILi12EEES6_EPt
                0x08003edc      0x13c bn_display_manager.o
                0x08003edc                bn::display_manager::fill_rect_window_hblank_effect_vertical_boundaries(std::pair<int, int> const&, std::pair<bn::fixed_t<12>, bn::fixed_t<12> > const*, unsigned short*)
 .text._ZN2bn15display_manager36fill_green_swap_hblank_effect_statesEPKbPt
                0x08004018       0x34 bn_display_manager.o
                0x08004018                bn::display_manager::fill_green_swap_hblank_effect_states(bool const*, unsigned short*)
 .text._ZN2bn15display_manager14update_camerasEv
                0x0800404c       0x40 bn_display_manager.o
                0x0800404c                bn::display_manager::update_cameras()
 .text._ZN2bn15display_manager6updateEv
                0x0800408c      0x248 bn_display_manager.o
                0x0800408c                bn::display_manager::update()
 .text._ZN2bn15display_manager6commitEv
                0x080042d4      0x134 bn_display_manager.o
                0x080042d4                bn::display_manager::commit()
 .text._ZN2bn15display_manager4stopEv
                0x08004408       0x34 bn_display_manager.o
                0x08004408                bn::display_manager::stop()
 .text._ZN3_bn6assert9show_argsIA66_cEEvPKcS4_S4_iRKT_
                0x0800443c       0x48 bn_display_manager.o
                0x0800443c                void _bn::assert::show_args<char [66]>(char const*, char const*, char const*, int, char const (&) [66])
 .text._ZN2bn12gpio_manager5sleepEv
                0x08004484       0x2c bn_gpio_manager.o
                0x08004484                bn::gpio_manager::sleep()
 .text._ZN2bn22hblank_effects_manager12_GLOBAL__N_19item_type18_output_values_ptrEv
                0x080044b0       0x40 bn_hblank_effects_manager.o
 .text._ZN2bn22hblank_effects_manager7disableEv
                0x080044f0       0x24 bn_hblank_effects_manager.o
                0x080044f0                bn::hblank_effects_manager::disable()
 .text._ZN2bn22hblank_effects_manager4stopEv
                0x08004514       0x38 bn_hblank_effects_manager.o
                0x08004514                bn::hblank_effects_manager::stop()
 .text._ZN2bn22hblank_effects_manager6commitEv
                0x0800454c       0x88 bn_hblank_effects_manager.o
                0x0800454c                bn::hblank_effects_manager::commit()
 .text._ZN2bn22hblank_effects_manager12_GLOBAL__N_1L10_is_uint32ENS0_12handler_typeE
                0x080045d4       0x60 bn_hblank_effects_manager.o
 .text._ZN2bn22hblank_effects_manager12_GLOBAL__N_19item_type12check_updateEv
                0x08004634     0x16b8 bn_hblank_effects_manager.o
 .text._ZN2bn22hblank_effects_manager6updateEv
                0x08005cec      0x1f4 bn_hblank_effects_manager.o
                0x08005cec                bn::hblank_effects_manager::update()
 .text._ZN2bn7ivectorIaE9push_backEOa.part.0
                0x08005ee0       0x28 bn_hblank_effects_manager.o
 .text._ZN2bn22hblank_effects_manager4initEv
                0x08005f08      0x15c bn_hblank_effects_manager.o
                0x08005f08                bn::hblank_effects_manager::init()
 .text.startup._GLOBAL__sub_I__ZN2bn4hbes10used_countEv
                0x08006064       0x14 bn_hblank_effects_manager.o
 .text._ZN2bn12hdma_manager4initEv
                0x08006078       0x38 bn_hdma_manager.o
                0x08006078                bn::hdma_manager::init()
 .text._ZN2bn12hdma_manager10force_stopEv
                0x080060b0       0x5c bn_hdma_manager.o
                0x080060b0                bn::hdma_manager::force_stop()
 .text._ZN2bn12hdma_manager7disableEv
                0x0800610c       0x48 bn_hdma_manager.o
                0x0800610c                bn::hdma_manager::disable()
 .text._ZN2bn12hdma_manager6updateEv
                0x08006154       0x6c bn_hdma_manager.o
                0x08006154                bn::hdma_manager::update()
 .text._ZN2bn12hdma_manager24commit_interrupt_handlerEv
                0x080061c0       0x20 bn_hdma_manager.o
                0x080061c0                bn::hdma_manager::commit_interrupt_handler()
 .text._ZN2bn12hdma_manager14commit_entriesEb
                0x080061e0      0x168 bn_hdma_manager.o
                0x080061e0                bn::hdma_manager::commit_entries(bool)
 .text._ZN2bn14keypad_manager4stopEv
                0x08006348        0x4 bn_keypad_manager.o
                0x08006348                bn::keypad_manager::stop()
 .text._ZN2bn14keypad_manager6updateEv
                0x0800634c       0xa8 bn_keypad_manager.o
                0x0800634c                bn::keypad_manager::update()
 .text._ZN2bn14keypad_manager4initERKNS_11string_viewE
                0x080063f4       0x64 bn_keypad_manager.o
                0x080063f4                bn::keypad_manager::init(bn::string_view const&)
 .text._ZN2bn12link_manager4initEv
                0x08006458        0xc bn_link_manager.o
                0x08006458                bn::link_manager::init()
 .text._ZN2bn12link_manager6activeEv
                0x08006464        0xc bn_link_manager.o
                0x08006464                bn::link_manager::active()
 .text._ZN2bn12link_manager7disableEv
                0x08006470       0x18 bn_link_manager.o
                0x08006470                bn::link_manager::disable()
 .text._ZN2bn12link_manager6commitEv
                0x08006488       0x18 bn_link_manager.o
                0x08006488                bn::link_manager::commit()
 .text._ZN3_bn6memory18unsafe_clear_wordsEiPv
                0x080064a0       0x14 bn_memory_manager.o
                0x080064a0                _bn::memory::unsafe_clear_words(int, void*)
 .text._ZN2bn4freeEPv
                0x080064b4       0x14 bn_memory_manager.o
                0x080064b4                bn::free(void*)
 .text._ZN2bn14memory_manager4initEv
                0x080064c8       0x2c bn_memory_manager.o
                0x080064c8                bn::memory_manager::init()
 .text._ZN2bn2hw8palettes9grayscaleEPKNS_5colorEiiPS2_.part.0
                0x080064f4       0x40 bn_palettes_manager.o
 .text._ZNK2bn18sprite_palette_ptr3bppEv
                0x08006534       0x1c bn_palettes_manager.o
                0x08006534                bn::sprite_palette_ptr::bpp() const
 .text._ZNK2bn13palettes_bank20retrieve_commit_dataEv
                0x08006550       0x4c bn_palettes_manager.o
                0x08006550                bn::palettes_bank::retrieve_commit_data() const
 .text._ZNK2bn13palettes_bank7palette13apply_effectsEiPNS_5colorE
                0x0800659c       0xb0 bn_palettes_manager.o
                0x0800659c                bn::palettes_bank::palette::apply_effects(int, bn::color*) const
 .text._ZN2bn13palettes_bank15_update_paletteEi
                0x0800664c       0x70 bn_palettes_manager.o
                0x0800664c                bn::palettes_bank::_update_palette(int)
 .text._ZN2bn16palettes_manager4initERKNS_8optionalINS_5colorEEE
                0x080066bc      0x134 bn_palettes_manager.o
                0x080066bc                bn::palettes_manager::init(bn::optional<bn::color> const&)
 .text._ZN2bn16palettes_manager20sprite_palettes_bankEv
                0x080067f0        0x8 bn_palettes_manager.o
                0x080067f0                bn::palettes_manager::sprite_palettes_bank()
 .text._ZN2bn16palettes_manager16bg_palettes_bankEv
                0x080067f8        0x8 bn_palettes_manager.o
                0x080067f8                bn::palettes_manager::bg_palettes_bank()
 .text._ZN2bn16palettes_manager6commitEb
                0x08006800       0xf8 bn_palettes_manager.o
                0x08006800                bn::palettes_manager::commit(bool)
 .text._ZN2bn16palettes_manager4stopEv
                0x080068f8       0x20 bn_palettes_manager.o
                0x080068f8                bn::palettes_manager::stop()
 .text._ZNK2bn13palettes_bank21_apply_global_effectsEiPNS_5colorE
                0x08006918      0x190 bn_palettes_manager.o
                0x08006918                bn::palettes_bank::_apply_global_effects(int, bn::color*) const
 .text._ZN2bn13palettes_bank6updateEv
                0x08006aa8      0x138 bn_palettes_manager.o
                0x08006aa8                bn::palettes_bank::update()
 .text._ZN2bn16palettes_manager6updateEv
                0x08006be0       0x20 bn_palettes_manager.o
                0x08006be0                bn::palettes_manager::update()
 .text._ZNK2bn13palettes_bank25fill_hblank_effect_colorsEiPKNS_5colorEPt
                0x08006c00       0x44 bn_palettes_manager.o
                0x08006c00                bn::palettes_bank::fill_hblank_effect_colors(int, bn::color const*, unsigned short*) const
 .text._ZNK2bn13palettes_bank25fill_hblank_effect_colorsEPKNS_5colorEPt
                0x08006c44       0x30 bn_palettes_manager.o
                0x08006c44                bn::palettes_bank::fill_hblank_effect_colors(bn::color const*, unsigned short*) const
 .text._ZN2bn26sprite_affine_mats_manager12_GLOBAL__N_1L19_sprite_double_sizeILi32ELi16EEEbiiiii
                0x08006c74       0x84 bn_sprite_affine_mats_manager.o
 .text._ZN2bn26sprite_affine_mats_manager12_GLOBAL__N_1L19_sprite_double_sizeILi16ELi32EEEbiiiii
                0x08006cf8       0x84 bn_sprite_affine_mats_manager.o
 .text._ZNK2bn26sprite_affine_mats_manager12_GLOBAL__N_19item_type18sprite_double_sizeEiRKNS_17sprite_shape_sizeE.isra.0
                0x08006d7c      0x1ac bn_sprite_affine_mats_manager.o
 .text._ZNK2bn21sprite_affine_mat_ptr15horizontal_flipEv
                0x08006f28       0x18 bn_sprite_affine_mats_manager.o
                0x08006f28                bn::sprite_affine_mat_ptr::horizontal_flip() const
 .text._ZNK2bn21sprite_affine_mat_ptr13vertical_flipEv
                0x08006f40       0x18 bn_sprite_affine_mats_manager.o
                0x08006f40                bn::sprite_affine_mat_ptr::vertical_flip() const
 .text._ZN2bn26sprite_affine_mats_manager20retrieve_commit_dataEv
                0x08006f58       0x38 bn_sprite_affine_mats_manager.o
                0x08006f58                bn::sprite_affine_mats_manager::retrieve_commit_data()
 .text._ZN3_bn6assert9show_argsIA37_cEEvPKcS4_S4_iRKT_
                0x08006f90       0x48 bn_sprite_affine_mats_manager.o
                0x08006f90                void _bn::assert::show_args<char [37]>(char const*, char const*, char const*, int, char const (&) [37])
 .text._ZN3_bn6assert9show_argsIA16_cEEvPKcS4_S4_iRKT_
                0x08006fd8       0x48 bn_sprite_affine_mats_manager.o
                0x08006fd8                void _bn::assert::show_args<char [16]>(char const*, char const*, char const*, int, char const (&) [16])
 .text._ZN2bn7ivectorIaE9push_backEOa.part.0
                0x08007020       0x28 bn_sprite_affine_mats_manager.o
 .text._ZN2bn26sprite_affine_mats_manager4initEPv
                0x08007048       0xe0 bn_sprite_affine_mats_manager.o
                0x08007048                bn::sprite_affine_mats_manager::init(void*)
 .text._ZN2bn21sprite_affine_mat_ptrD2Ev
                0x08007128       0x74 bn_sprite_affine_mats_manager.o
                0x08007128                bn::sprite_affine_mat_ptr::~sprite_affine_mat_ptr()
                0x08007128                bn::sprite_affine_mat_ptr::~sprite_affine_mat_ptr()
 .text._ZN2bn26sprite_affine_mats_manager6updateEv
                0x0800719c      0x2d8 bn_sprite_affine_mats_manager.o
                0x0800719c                bn::sprite_affine_mats_manager::update()
 .text._ZN2bn26sprite_affine_mats_manager14dettach_spriteEiRNS_24intrusive_list_node_typeE
                0x08007474       0x4c bn_sprite_affine_mats_manager.o
                0x08007474                bn::sprite_affine_mats_manager::dettach_sprite(int, bn::intrusive_list_node_type&)
 .text._ZN2bn15sprites_manager12_GLOBAL__N_1L32_always_update_indexes_to_commitERKNS_20sprites_manager_itemE
                0x080074c0       0x4c bn_sprites_manager.o
 .text._ZN2bn13ostringstream11append_argsIiJA4_ciEEEvRKT_DpRKT0_.isra.0
                0x0800750c       0x24 bn_sprites_manager.o
 .text._ZN2bn15sprites_manager12_GLOBAL__N_1L23_update_item_dimensionsERNS_20sprites_manager_itemE
                0x08007530       0xc0 bn_sprites_manager.o
 .text._ZN2bn15sprites_manager4initEv
                0x080075f0       0xd4 bn_sprites_manager.o
                0x080075f0                bn::sprites_manager::init()
 .text._ZN2bn15sprites_manager5hw_idEPv
                0x080076c4        0x8 bn_sprites_manager.o
                0x080076c4                bn::sprites_manager::hw_id(void*)
 .text._ZN2bn15sprites_manager5shapeEPv
                0x080076cc        0x8 bn_sprites_manager.o
                0x080076cc                bn::sprites_manager::shape(void*)
 .text._ZN2bn15sprites_manager4sizeEPv
                0x080076d4        0x8 bn_sprites_manager.o
                0x080076d4                bn::sprites_manager::size(void*)
 .text._ZN2bn15sprites_manager10shape_sizeEPv
                0x080076dc       0x14 bn_sprites_manager.o
                0x080076dc                bn::sprites_manager::shape_size(void*)
 .text._ZN2bn15sprites_manager11hw_positionEPv
                0x080076f0        0x4 bn_sprites_manager.o
                0x080076f0                bn::sprites_manager::hw_position(void*)
 .text._ZN2bn15sprites_manager9view_modeEPv
                0x080076f4        0xc bn_sprites_manager.o
                0x080076f4                bn::sprites_manager::view_mode(void*)
 .text._ZN2bn15sprites_manager10affine_matEPv
                0x08007700        0x4 bn_sprites_manager.o
                0x08007700                bn::sprites_manager::affine_mat(void*)
 .text._ZN2bn15sprites_manager39fill_hblank_effect_horizontal_positionsEPviPKNS_7fixed_tILi12EEEPt
                0x08007704       0x4c bn_sprites_manager.o
                0x08007704                bn::sprites_manager::fill_hblank_effect_horizontal_positions(void*, int, bn::fixed_t<12> const*, unsigned short*)
 .text._ZN2bn15sprites_manager37fill_hblank_effect_vertical_positionsEPviPKNS_7fixed_tILi12EEEPt
                0x08007750       0x4c bn_sprites_manager.o
                0x08007750                bn::sprites_manager::fill_hblank_effect_vertical_positions(void*, int, bn::fixed_t<12> const*, unsigned short*)
 .text._ZN2bn15sprites_manager35fill_hblank_effect_first_attributesEiNS_12sprite_shapeENS_8bpp_modeEiPKNS_23sprite_first_attributesEPt
                0x0800779c       0xc8 bn_sprites_manager.o
                0x0800779c                bn::sprites_manager::fill_hblank_effect_first_attributes(int, bn::sprite_shape, bn::bpp_mode, int, bn::sprite_first_attributes const*, unsigned short*)
 .text._ZN2bn15sprites_manager44fill_hblank_effect_regular_second_attributesEPviNS_11sprite_sizeEPKNS_32sprite_regular_second_attributesEPt
                0x08007864       0x60 bn_sprites_manager.o
                0x08007864                bn::sprites_manager::fill_hblank_effect_regular_second_attributes(void*, int, bn::sprite_size, bn::sprite_regular_second_attributes const*, unsigned short*)
 .text._ZN2bn15sprites_manager43fill_hblank_effect_affine_second_attributesEPviNS_11sprite_sizeEPKNS_31sprite_affine_second_attributesEPt
                0x080078c4       0x58 bn_sprites_manager.o
                0x080078c4                bn::sprites_manager::fill_hblank_effect_affine_second_attributes(void*, int, bn::sprite_size, bn::sprite_affine_second_attributes const*, unsigned short*)
 .text._ZN2bn15sprites_manager14update_camerasEv
                0x0800791c       0x20 bn_sprites_manager.o
                0x0800791c                bn::sprites_manager::update_cameras()
 .text._ZN2bn15sprites_manager23update_auto_double_sizeEPv
                0x0800793c       0x2c bn_sprites_manager.o
                0x0800793c                bn::sprites_manager::update_auto_double_size(void*)
 .text._ZN2bn15sprites_manager6commitEb
                0x08007968       0xa4 bn_sprites_manager.o
                0x08007968                bn::sprites_manager::commit(bool)
 .text._ZN2bn8optionalINS_18sprite_palette_ptrEEdeEv.part.0
                0x08007a0c       0x28 bn_sprites_manager.o
 .text._ZN2bn15sprites_manager12_GLOBAL__N_1L18_remove_affine_matERNS_20sprites_manager_itemE
                0x08007a34       0xc4 bn_sprites_manager.o
 .text._ZN2bn15sprites_manager42remove_identity_affine_mat_when_not_neededEPv
                0x08007af8        0xc bn_sprites_manager.o
                0x08007af8                bn::sprites_manager::remove_identity_affine_mat_when_not_needed(void*)
 .text._ZNK2bn8optionalINS_16sprite_tiles_ptrEEdeEv.part.0
                0x08007b04       0x28 bn_sprites_manager.o
 .text._ZN2bn15sprites_manager7paletteEPv
                0x08007b2c       0x14 bn_sprites_manager.o
                0x08007b2c                bn::sprites_manager::palette(void*)
 .text._ZN2bn15sprites_manager6updateEv
                0x08007b40      0x13c bn_sprites_manager.o
                0x08007b40                bn::sprites_manager::update()
 .text._ZN3_bn6assert9show_argsIJA27_ciA4_ciEEEvPKcS5_S5_iDpRKT_
                0x08007c7c       0x58 bn_sprites_manager.o
                0x08007c7c                void _bn::assert::show_args<char [27], int, char [4], int>(char const*, char const*, char const*, int, char const (&) [27], int const&, char const (&) [4], int const&)
 .text._ZN2bn15sprites_manager35fill_hblank_effect_third_attributesENS_17sprite_shape_sizeEPKNS_23sprite_third_attributesEPt
                0x08007cd4      0x2c0 bn_sprites_manager.o
                0x08007cd4                bn::sprites_manager::fill_hblank_effect_third_attributes(bn::sprite_shape_size, bn::sprite_third_attributes const*, unsigned short*)
 .text._ZNK2bn16sprite_tiles_ptr2idEv
                0x08007f94       0x18 bn_sprite_tiles_manager.o
                0x08007f94                bn::sprite_tiles_ptr::id() const
 .text._ZNK2bn16sprite_tiles_ptr11tiles_countEv
                0x08007fac       0x18 bn_sprite_tiles_manager.o
                0x08007fac                bn::sprite_tiles_ptr::tiles_count() const
 .text._ZN2bn20sprite_tiles_manager19commit_uncompressedEb
                0x08007fc4       0xc4 bn_sprite_tiles_manager.o
                0x08007fc4                bn::sprite_tiles_manager::commit_uncompressed(bool)
 .text._ZN2bn20sprite_tiles_manager12_GLOBAL__N_1L10_hw_commitEPKNS_4tileENS_16compression_typeEii
                0x08008088       0x88 bn_sprite_tiles_manager.o
 .text._ZN2bn20sprite_tiles_manager17commit_compressedEv
                0x08008110       0x5c bn_sprite_tiles_manager.o
                0x08008110                bn::sprite_tiles_manager::commit_compressed()
 .text._ZN2bn20sprite_tiles_manager4initEv
                0x0800816c      0x160 bn_sprite_tiles_manager.o
                0x0800816c                bn::sprite_tiles_manager::init()
 .text._ZN2bn20sprite_tiles_manager12_GLOBAL__N_1L17_insert_free_itemEi
                0x080082cc       0xf0 bn_sprite_tiles_manager.o
 .text._ZN2bn20sprite_tiles_manager12_GLOBAL__N_1L16_erase_free_itemEi
                0x080083bc       0xfc bn_sprite_tiles_manager.o
 .text._ZN2bn20sprite_tiles_manager12_GLOBAL__N_1L21_erase_items_map_itemEPKNS_4tileE
                0x080084b8      0x208 bn_sprite_tiles_manager.o
 .text._ZN2bn20sprite_tiles_manager6updateEv
                0x080086c0      0x19c bn_sprite_tiles_manager.o
                0x080086c0                bn::sprite_tiles_manager::update()
 .text._ZN2bn13ostringstreamC2ERNS_12istring_baseE
                0x0800885c        0x8 bn_sstream.o
                0x0800885c                bn::ostringstream::ostringstream(bn::istring_base&)
                0x0800885c                bn::ostringstream::ostringstream(bn::istring_base&)
 .text._ZN2bn12_GLOBAL__N_1L14_append_numberILi12EiEEvT0_RNS_7istringE
                0x08008864      0x104 bn_sstream.o
 .text._ZN2bn13ostringstream6appendEi
                0x08008968       0x14 bn_sstream.o
                0x08008968                bn::ostringstream::append(int)
 .text._ZN2bn13ostringstream6appendEPKc
                0x0800897c       0xac bn_sstream.o
                0x0800897c                bn::ostringstream::append(char const*)
 .text._ZN2bn13ostringstream6appendEj
                0x08008a28      0x118 bn_sstream.o
                0x08008a28                bn::ostringstream::append(unsigned int)
 .text._ZN2bn18igeneric_pool_baseC2EPci
                0x08008b40       0x10 bn_translation_unit.o
                0x08008b40                bn::igeneric_pool_base::igeneric_pool_base(char*, int)
                0x08008b40                bn::igeneric_pool_base::igeneric_pool_base(char*, int)
 .text._ZN2bn18igeneric_pool_base5_freeEPc
                0x08008b50       0x10 bn_translation_unit.o
                0x08008b50                bn::igeneric_pool_base::_free(char*)
 .text._ZN2bn5timerC2Ev
                0x08008b60       0x24 bn_translation_unit.o
                0x08008b60                bn::timer::timer()
                0x08008b60                bn::timer::timer()
 .text._ZNK2bn5timer13elapsed_ticksEv
                0x08008b84       0x2c bn_translation_unit.o
                0x08008b84                bn::timer::elapsed_ticks() const
 .text._ZN2bn5timer7restartEv
                0x08008bb0       0x28 bn_translation_unit.o
                0x08008bb0                bn::timer::restart()
 .text._ZN2bn18igeneric_pool_base9_allocateEv
                0x08008bd8       0x48 bn_translation_unit.o
                0x08008bd8                bn::igeneric_pool_base::_allocate()
 .text._ZN2bn2hw5audio12_GLOBAL__N_1L21_maxmod_event_handlerEjj
                0x08008c20       0x38 bn_hw_audio.o
 .text._ZN2bn2hw5audio4initEv
                0x08008c58       0x7c bn_hw_audio.o
                0x08008c58                bn::hw::audio::init()
 .text._ZN2bn2hw5audio7disableEv
                0x08008cd4       0x18 bn_hw_audio.o
                0x08008cd4                bn::hw::audio::disable()
 .text._ZN2bn2hw5audio13update_eventsEb
                0x08008cec       0x6c bn_hw_audio.o
                0x08008cec                bn::hw::audio::update_events(bool)
 .text._ZN2bn2hw5audio13music_playingEv
                0x08008d58       0x20 bn_hw_audio.o
                0x08008d58                bn::hw::audio::music_playing()
 .text._ZN2bn2hw5audio10play_musicEib
                0x08008d78       0x1c bn_hw_audio.o
                0x08008d78                bn::hw::audio::play_music(int, bool)
 .text._ZN2bn2hw5audio10stop_musicEv
                0x08008d94       0x18 bn_hw_audio.o
                0x08008d94                bn::hw::audio::stop_music()
 .text._ZN2bn2hw5audio11pause_musicEv
                0x08008dac       0x18 bn_hw_audio.o
                0x08008dac                bn::hw::audio::pause_music()
 .text._ZN2bn2hw5audio12resume_musicEv
                0x08008dc4       0x18 bn_hw_audio.o
                0x08008dc4                bn::hw::audio::resume_music()
 .text._ZN2bn2hw5audio14jingle_playingEv
                0x08008ddc       0x20 bn_hw_audio.o
                0x08008ddc                bn::hw::audio::jingle_playing()
 .text._ZN2bn2hw5audio11play_jingleEi
                0x08008dfc       0x1c bn_hw_audio.o
                0x08008dfc                bn::hw::audio::play_jingle(int)
 .text._ZN2bn2hw5audio11stop_jingleEv
                0x08008e18       0x18 bn_hw_audio.o
                0x08008e18                bn::hw::audio::stop_jingle()
 .text._ZN2bn2hw5audio12pause_jingleEv
                0x08008e30       0x18 bn_hw_audio.o
                0x08008e30                bn::hw::audio::pause_jingle()
 .text._ZN2bn2hw5audio13resume_jingleEv
                0x08008e48       0x18 bn_hw_audio.o
                0x08008e48                bn::hw::audio::resume_jingle()
 .text._ZN3_bn6assert9show_argsIA43_cEEvPKcS4_S4_iRKT_
                0x08008e60       0x48 bn_hw_audio.o
                0x08008e60                void _bn::assert::show_args<char [43]>(char const*, char const*, char const*, int, char const (&) [43])
 .text._ZN2bn2hw5audio15set_mixing_rateENS_17audio_mixing_rateE
                0x08008ea8       0xc0 bn_hw_audio.o
                0x08008ea8                bn::hw::audio::set_mixing_rate(bn::audio_mixing_rate)
 .text._ZN2bn2hw5audio15set_sound_speedEtNS_7fixed_tILi12EEES3_
                0x08008f68       0x78 bn_hw_audio.o
                0x08008f68                bn::hw::audio::set_sound_speed(unsigned short, bn::fixed_t<12>, bn::fixed_t<12>)
 .text._ZN2bn13iforward_listINS_2hw5audio12_GLOBAL__N_110sound_typeEE11erase_afterENS5_14const_iteratorE.part.0
                0x08008fe0       0x28 bn_hw_audio.o
 .text._ZN2bn2hw5audio12_GLOBAL__N_1L19_add_sound_to_queueEit
                0x08009008       0x98 bn_hw_audio.o
 .text._ZN2bn2hw5audio12_GLOBAL__N_1L23_erase_sound_from_queueEt
                0x080090a0       0x7c bn_hw_audio.o
 .text._ZN2bn2hw5audio10stop_soundEt
                0x0800911c       0x20 bn_hw_audio.o
                0x0800911c                bn::hw::audio::stop_sound(unsigned short)
 .text._ZN2bn2hw5audio13release_soundEt
                0x0800913c       0x20 bn_hw_audio.o
                0x0800913c                bn::hw::audio::release_sound(unsigned short)
 .text._ZN2bn2hw5audio15stop_all_soundsEv
                0x0800915c       0x60 bn_hw_audio.o
                0x0800915c                bn::hw::audio::stop_all_sounds()
 .text._ZN2bn2hw5audio19update_sounds_queueEv
                0x080091bc       0x78 bn_hw_audio.o
                0x080091bc                bn::hw::audio::update_sounds_queue()
 .text._ZN2bn2hw5audio12_GLOBAL__N_1L19_check_sounds_queueEi.part.0
                0x08009234       0xa8 bn_hw_audio.o
 .text._ZN2bn2hw5audio10play_soundEiiNS_7fixed_tILi12EEES3_S3_
                0x080092dc       0xd4 bn_hw_audio.o
                0x080092dc                bn::hw::audio::play_sound(int, int, bn::fixed_t<12>, bn::fixed_t<12>, bn::fixed_t<12>)
 .text._ZN2bn2hw5audio10play_soundEii
                0x080093b0       0x54 bn_hw_audio.o
                0x080093b0                bn::hw::audio::play_sound(int, int)
 .text.__libc_init_array
                0x08009404       0x50 bn_hw_common.bn_noflto.o
                0x08009404                __libc_init_array
 .text._ZN3_bn6assert9show_argsIA40_cEEvPKcS4_S4_iRKT_
                0x08009454       0x48 bn_hw_common.bn_noflto.o
                0x08009454                void _bn::assert::show_args<char [40]>(char const*, char const*, char const*, int, char const (&) [40])
 .text.__aeabi_idiv0
                0x0800949c       0x24 bn_hw_common.bn_noflto.o
                0x0800949c                __aeabi_idiv0
 .text.free     0x080094c0        0xc bn_hw_cstdlib.o
                0x080094c0                free
 .text._ZN2bn2hw9dmg_audio4initEv
                0x080094cc       0x18 bn_hw_dmg_audio.o
                0x080094cc                bn::hw::dmg_audio::init()
 .text._ZN2bn2hw9dmg_audio7disableEv
                0x080094e4       0x18 bn_hw_dmg_audio.o
                0x080094e4                bn::hw::dmg_audio::disable()
 .text._ZN2bn2hw9dmg_audio13music_playingEv
                0x080094fc       0x28 bn_hw_dmg_audio.o
                0x080094fc                bn::hw::dmg_audio::music_playing()
 .text._ZN2bn2hw9dmg_audio10stop_musicEv
                0x08009524       0x24 bn_hw_dmg_audio.o
                0x08009524                bn::hw::dmg_audio::stop_music()
 .text._ZN2bn2hw9dmg_audio11pause_musicEv
                0x08009548       0x24 bn_hw_dmg_audio.o
                0x08009548                bn::hw::dmg_audio::pause_music()
 .text._ZN2bn2hw9dmg_audio12resume_musicEv
                0x0800956c       0x24 bn_hw_dmg_audio.o
                0x0800956c                bn::hw::dmg_audio::resume_music()
 .text._ZN2bn2hw9dmg_audio14music_positionERiS2_
                0x08009590       0x2c bn_hw_dmg_audio.o
                0x08009590                bn::hw::dmg_audio::music_position(int&, int&)
 .text._ZN2bn2hw9dmg_audio6commitEv
                0x080095bc       0x34 bn_hw_dmg_audio.o
                0x080095bc                bn::hw::dmg_audio::commit()
 .text._ZN3_bn6assert9show_argsIA38_ciEEvPKcS4_S4_iRKT_RKT0_
                0x080095f0       0x54 bn_hw_dmg_audio.o
                0x080095f0                void _bn::assert::show_args<char [38], int>(char const*, char const*, char const*, int, char const (&) [38], int const&)
 .text._ZN2bn2hw9dmg_audio10play_musicEPKvNS_14dmg_music_typeEib
                0x08009644       0x84 bn_hw_dmg_audio.o
                0x08009644                bn::hw::dmg_audio::play_music(void const*, bn::dmg_music_type, int, bool)
 .text._ZN2bn2hw9dmg_audio18set_music_positionEii
                0x080096c8       0x4c bn_hw_dmg_audio.o
                0x080096c8                bn::hw::dmg_audio::set_music_position(int, int)
 .text._ZN2bn2hw9dmg_audio16set_music_volumeENS_7fixed_tILi12EEES3_
                0x08009714       0x50 bn_hw_dmg_audio.o
                0x08009714                bn::hw::dmg_audio::set_music_volume(bn::fixed_t<12>, bn::fixed_t<12>)
 .text._ZN3_bn6assert9show_argsIA22_cjEEvPKcS4_S4_iRKT_RKT0_
                0x08009764       0x54 bn_hw_dmg_audio.o
                0x08009764                void _bn::assert::show_args<char [22], unsigned int>(char const*, char const*, char const*, int, char const (&) [22], unsigned int const&)
 .text._ZN2bn2hw9dmg_audio19check_commit_resultEv
                0x080097b8       0x38 bn_hw_dmg_audio.o
                0x080097b8                bn::hw::dmg_audio::check_commit_result()
 .text._ZN2bn2hw4gpio4initEv
                0x080097f0        0x8 bn_hw_gpio.bn_noflto.o
                0x080097f0                bn::hw::gpio::init()
 .text._ZN2bn2hw4link12_GLOBAL__N_1L19_resetStateCallbackEv
                0x080097f8       0x4c bn_hw_link.o
 .text._ZN2bn2hw4link4initEv
                0x08009844      0x144 bn_hw_link.o
                0x08009844                bn::hw::link::init()
 .text._ZN2bn2hw4link6activeEv
                0x08009988       0x10 bn_hw_link.o
                0x08009988                bn::hw::link::active()
 .text._ZN2bn2hw4link7disableEv
                0x08009998       0xbc bn_hw_link.o
                0x08009998                bn::hw::link::disable()
 .text._ZN2bn2hw4link6commitEv
                0x08009a54       0x28 bn_hw_link.o
                0x08009a54                bn::hw::link::commit()
 .text._ZN2bn6idequeItE9pop_frontEv.part.0
                0x08009a7c       0x28 bn_hw_link.o
 .text._ZN2bn2hw4link11_timer_intrEv
                0x08009aa4      0x144 bn_hw_link.o
                0x08009aa4                bn::hw::link::_timer_intr()
 .text._ZN2bn2hw4link12_GLOBAL__N_1L24_receiveResponseCallbackERKNS_2lc12LinkResponseE
                0x08009be8      0x128 bn_hw_link.o
 .text._ZN2bn2hw4link12_serial_intrEv
                0x08009d10      0x234 bn_hw_link.o
                0x08009d10                bn::hw::link::_serial_intr()
 .text._ZN2bn2hw4link12_GLOBAL__N_1L17_sendDataCallbackEv
                0x08009f44       0xb8 bn_hw_link.o
 .text._ZN2bn2hw8palettes8contrastEPKNS_5colorEiiPS2_
                0x08009ffc       0x18 bn_hw_palettes.o
                0x08009ffc                bn::hw::palettes::contrast(bn::color const*, int, int, bn::color*)
 .text._ZN2bn2hw8palettes9intensityEPKNS_5colorEiiPS2_
                0x0800a014       0x18 bn_hw_palettes.o
                0x0800a014                bn::hw::palettes::intensity(bn::color const*, int, int, bn::color*)
 .text._ZN2bn2hw8palettes9hue_shiftEPKNS_5colorEiiPS2_
                0x0800a02c      0x14c bn_hw_palettes.o
                0x0800a02c                bn::hw::palettes::hue_shift(bn::color const*, int, int, bn::color*)
 .text._ZN2bn2hw8palettes6rotateEPKNS_5colorEiiPS2_
                0x0800a178       0x30 bn_hw_palettes.o
                0x0800a178                bn::hw::palettes::rotate(bn::color const*, int, int, bn::color*)
 .text._ZN2bn7istring6appendEPKci.isra.0
                0x0800a1a8       0xb4 bn_hw_show.o
 .text._ZN2bn2hw4show5errorERKNS_11system_fontERKNS_11string_viewES7_S7_iS7_S7_
                0x0800a25c      0x288 bn_hw_show.o
                0x0800a25c                bn::hw::show::error(bn::system_font const&, bn::string_view const&, bn::string_view const&, bn::string_view const&, int, bn::string_view const&, bn::string_view const&)
 .text._ZN2bn2hw4sram4initEv
                0x0800a4e4       0x18 bn_hw_sram.bn_noflto.o
                0x0800a4e4                bn::hw::sram::init()
 .text._ZN2bn11system_fontC2Ev
                0x0800a4fc       0x18 bn_hw_system_font.o
                0x0800a4fc                bn::system_font::system_font()
                0x0800a4fc                bn::system_font::system_font()
 .text._ZNK2bn11system_font8tte_fontEv
                0x0800a514        0x4 bn_hw_system_font.o
                0x0800a514                bn::system_font::tte_font() const
 .text._ZN2bn2hw4text5parseEjPc
                0x0800a518       0xd0 bn_hw_text.o
                0x0800a518                bn::hw::text::parse(unsigned int, char*)
 .text._ZN2bn2hw4text5parseEiPc
                0x0800a5e8       0xf8 bn_hw_text.o
                0x0800a5e8                bn::hw::text::parse(int, char*)
 .text.clr_grayscale
                0x0800a6e0       0x70 tonc_color.o
                0x0800a6e0                clr_grayscale
 .text.sbmp16_rect
                0x0800a750       0x6c tonc_sbmp16.o
                0x0800a750                sbmp16_rect
 .text.bmp16_drawg_b1cts
                0x0800a7bc       0xb4 bmp16_drawg_b1cs.o
                0x0800a7bc                bmp16_drawg_b1cts
 .text.bmp16_erase
                0x0800a870       0x24 tte_init_bmp.o
                0x0800a870                bmp16_erase
 .text.tte_init_bmp
                0x0800a894       0x60 tte_init_bmp.o
                0x0800a894                tte_init_bmp
 .text.dummy_drawg
                0x0800a8f4        0x4 tte_main.o
                0x0800a8f4                dummy_drawg
 .text.dummy_erase
                0x0800a8f8        0x4 tte_main.o
                0x0800a8f8                dummy_erase
 .text.tte_init_base
                0x0800a8fc       0x68 tte_main.o
                0x0800a8fc                tte_init_base
 .text.utf8_decode_char
                0x0800a964       0xb8 tte_main.o
                0x0800a964                utf8_decode_char
 .text.tte_write
                0x0800aa1c       0xd0 tte_main.o
                0x0800aa1c                tte_write
 .text.tte_get_text_size
                0x0800aaec       0xa4 tte_main.o
                0x0800aaec                tte_get_text_size
 .text.tte_set_margins
                0x0800ab90       0x14 tte_main.o
                0x0800ab90                tte_set_margins
 .text.IRQ_Init
                0x0800aba4       0x48 interrupts_gba.o
                0x0800aba4                IRQ_Init
 .text.IRQ_SetHandler
                0x0800abec        0xc interrupts_gba.o
                0x0800abec                IRQ_SetHandler
 .text.IRQ_Enable
                0x0800abf8       0x58 interrupts_gba.o
                0x0800abf8                IRQ_Enable
 .text.IRQ_Disable
                0x0800ac50       0x58 interrupts_gba.o
                0x0800ac50                IRQ_Disable
 .text.mmEffectEx.part.0
                0x0800aca8      0x104 effect.o
 .text.mmResetEffects
                0x0800adac       0x1c effect.o
                0x0800adac                mmResetEffects
 .text.mmEffect
                0x0800adc8       0x34 effect.o
                0x0800adc8                mmEffect
 .text.mmEffectEx
                0x0800adfc       0x20 effect.o
                0x0800adfc                mmEffectEx
 .text.mmSetEffectsVolume
                0x0800ae1c       0x14 effect.o
                0x0800ae1c                mmSetEffectsVolume
 .text.mmEffectPanning
                0x0800ae30       0x34 effect.o
                0x0800ae30                mmEffectPanning
 .text.mmEffectActive
                0x0800ae64       0x2c effect.o
                0x0800ae64                mmEffectActive
 .text.mmEffectScaleRate
                0x0800ae90       0x34 effect.o
                0x0800ae90                mmEffectScaleRate
 .text.mmEffectCancel
                0x0800aec4       0x68 effect.o
                0x0800aec4                mmEffectCancel
 .text.mmEffectRelease
                0x0800af2c       0x5c effect.o
                0x0800af2c                mmEffectRelease
 .text.mmEffectCancelAll
                0x0800af88       0x64 effect.o
                0x0800af88                mmEffectCancelAll
 .text.mmUpdateEffects
                0x0800afec       0x90 effect.o
                0x0800afec                mmUpdateEffects
 .text.mmUpdateChannel_TN
                0x0800b07c       0xbc mas_arm.o
                0x0800b07c                mmUpdateChannel_TN
 .text.mpp_resetchannels
                0x0800b138       0x80 mas.o
 .text.mpph_VolumeSlide.isra.0
                0x0800b1b8       0x90 mas.o
 .text.mpph_PitchSlide_Up.isra.0
                0x0800b248       0x3c mas.o
 .text.mpp_setposition
                0x0800b284       0xac mas.o
 .text.mppe_DoVibrato
                0x0800b330       0x90 mas.o
 .text.mpph_FastForward
                0x0800b3c0       0x80 mas.o
 .text.mppe_glis_backdoor.part.0.isra.0
                0x0800b440       0xac mas.o
 .text.mmSetEventHandler
                0x0800b4ec        0xc mas.o
                0x0800b4ec                mmSetEventHandler
 .text.mmPause  0x0800b4f8       0x4c mas.o
                0x0800b4f8                mmPause
 .text.mmResume
                0x0800b544       0x14 mas.o
                0x0800b544                mmResume
 .text.mmJinglePause
                0x0800b558       0x54 mas.o
                0x0800b558                mmJinglePause
 .text.mmJingleResume
                0x0800b5ac       0x14 mas.o
                0x0800b5ac                mmJingleResume
 .text.mmActive
                0x0800b5c0        0xc mas.o
                0x0800b5c0                mmActive
 .text.mmJingleActive
                0x0800b5cc        0xc mas.o
                0x0800b5cc                mmJingleActive
 .text.mmSetModuleVolume
                0x0800b5d8       0x14 mas.o
                0x0800b5d8                mmSetModuleVolume
 .text.mmSetJingleVolume
                0x0800b5ec       0x14 mas.o
                0x0800b5ec                mmSetJingleVolume
 .text.mmStop   0x0800b600       0x34 mas.o
                0x0800b600                mmStop
 .text.mmJingleStop
                0x0800b634       0x2c mas.o
                0x0800b634                mmJingleStop
 .text.mmGetPosition
                0x0800b660        0xc mas.o
                0x0800b660                mmGetPosition
 .text.mmSetModuleTempo
                0x0800b66c       0x54 mas.o
                0x0800b66c                mmSetModuleTempo
 .text.mmPlayMAS
                0x0800b6c0      0x104 mas.o
                0x0800b6c0                mmPlayMAS
 .text.mmJingleStart
                0x0800b7c4       0x30 mas.o
                0x0800b7c4                mmJingleStart
 .text.mmStart  0x0800b7f4       0x30 mas.o
                0x0800b7f4                mmStart
 .text.mmSetModulePitch
                0x0800b824       0x20 mas.o
                0x0800b824                mmSetModulePitch
 .text.mpp_Process_VolumeCommand
                0x0800b844      0x348 mas.o
                0x0800b844                mpp_Process_VolumeCommand
 .text.mmSetPositionEx
                0x0800bb8c       0x24 mas.o
                0x0800bb8c                mmSetPositionEx
 .text.mpp_Process_Effect
                0x0800bbb0      0x750 mas.o
                0x0800bbb0                mpp_Process_Effect
 .text.mpp_Update_ACHN_notest
                0x0800c300      0x4d4 mas.o
                0x0800c300                mpp_Update_ACHN_notest
 .text.mppUpdateSub
                0x0800c7d4       0x64 mas.o
                0x0800c7d4                mppUpdateSub
 .text.mmInit   0x0800c838       0xa8 main_gba.o
                0x0800c838                mmInit
 .text.mmEnd    0x0800c8e0       0x2c main_gba.o
                0x0800c8e0                mmEnd
 .text.mmFrame  0x0800c90c       0xa4 main_gba.o
                0x0800c90c                mmFrame
 .text.mmGetModuleCount
                0x0800c9b0        0xc main_gba.o
                0x0800c9b0                mmGetModuleCount
 .text.mmGetSampleCount
                0x0800c9bc        0xc main_gba.o
                0x0800c9bc                mmGetSampleCount
 .text.mmMixerSetPan
                0x0800c9c8       0x10 mixer.o
                0x0800c9c8                mmMixerSetPan
 .text.mmMixerMulFreq
                0x0800c9d8       0x18 mixer.o
                0x0800c9d8                mmMixerMulFreq
 .text.mmMixerStopChannel
                0x0800c9f0       0x14 mixer.o
                0x0800c9f0                mmMixerStopChannel
 .text.mmMixerInit
                0x0800ca04      0x130 mixer.o
                0x0800ca04                mmMixerInit
 .text.mmMixerEnd
                0x0800cb34       0x30 mixer.o
                0x0800cb34                mmMixerEnd
 .text.channel3_refresh_registers
                0x0800cb64       0xc4 gbt_player.o
 .text.gbt_refresh_pattern_ptr
                0x0800cc28       0x80 gbt_player.o
 .text.gbt_ch1234_nop
                0x0800cca8        0x4 gbt_player.o
 .text.gbt_ch1234_speed
                0x0800ccac       0x10 gbt_player.o
 .text.gbt_ch1234_jump_pattern
                0x0800ccbc       0x14 gbt_player.o
 .text.gbt_ch1234_jump_position
                0x0800ccd0       0x1c gbt_player.o
 .text.gbt_ch1234_event
                0x0800ccec       0x24 gbt_player.o
 .text.gbt_ch1_pan
                0x0800cd10       0x10 gbt_player.o
 .text.gbt_ch1_cut_note
                0x0800cd20       0x10 gbt_player.o
 .text.gbt_ch1_arpeggio
                0x0800cd30       0x38 gbt_player.o
 .text.gbt_ch1_vibrato
                0x0800cd68       0x20 gbt_player.o
 .text.gbt_ch1_volslide
                0x0800cd88       0x10 gbt_player.o
 .text.gbt_ch2_pan
                0x0800cd98       0x10 gbt_player.o
 .text.gbt_ch2_cut_note
                0x0800cda8       0x10 gbt_player.o
 .text.gbt_ch2_arpeggio
                0x0800cdb8       0x38 gbt_player.o
 .text.gbt_ch2_vibrato
                0x0800cdf0       0x20 gbt_player.o
 .text.gbt_ch2_volslide
                0x0800ce10       0x10 gbt_player.o
 .text.gbt_ch3_pan
                0x0800ce20       0x10 gbt_player.o
 .text.gbt_ch3_cut_note
                0x0800ce30       0x10 gbt_player.o
 .text.gbt_ch3_arpeggio
                0x0800ce40       0x38 gbt_player.o
 .text.gbt_ch3_vibrato
                0x0800ce78       0x20 gbt_player.o
 .text.gbt_ch4_pan
                0x0800ce98       0x14 gbt_player.o
 .text.gbt_ch4_cut_note
                0x0800ceac       0x10 gbt_player.o
 .text.gbt_ch4_volslide
                0x0800cebc       0x10 gbt_player.o
 .text.gbt_update_refresh_panning
                0x0800cecc       0x54 gbt_player.o
 .text.gbt_run_startup_commands.part.0
                0x0800cf20       0xc8 gbt_player.o
 .text.gbt_update_effects_internal
                0x0800cfe8      0x2b4 gbt_player.o
 .text.gbt_play
                0x0800d29c      0x1dc gbt_player.o
                0x0800d29c                gbt_play
 .text.gbt_volume
                0x0800d478       0x68 gbt_player.o
                0x0800d478                gbt_volume
 .text.gbt_is_playing
                0x0800d4e0        0xc gbt_player.o
                0x0800d4e0                gbt_is_playing
 .text.gbt_pause
                0x0800d4ec       0x44 gbt_player.o
                0x0800d4ec                gbt_pause
 .text.gbt_loop
                0x0800d530        0xc gbt_player.o
                0x0800d530                gbt_loop
 .text.gbt_stop
                0x0800d53c       0x24 gbt_player.o
                0x0800d53c                gbt_stop
 .text.gbt_update
                0x0800d560      0x64c gbt_player.o
                0x0800d560                gbt_update
 .text.gbt_get_position_unsafe
                0x0800dbac       0x24 gbt_player.o
                0x0800dbac                gbt_get_position_unsafe
 .text.gbt_set_position
                0x0800dbd0       0xf0 gbt_player.o
                0x0800dbd0                gbt_set_position
 .text.advgm_play
                0x0800dcc0       0xb8 advgm.o
                0x0800dcc0                advgm_play
 .text.advgm_stop
                0x0800dd78       0x9c advgm.o
                0x0800dd78                advgm_stop
 .text.advgm_update
                0x0800de14       0xac advgm.o
                0x0800de14                advgm_update
 .text.advgm_pause
                0x0800dec0       0x2c advgm.o
                0x0800dec0                advgm_pause
 .text.advgm_resume
                0x0800deec       0x1c advgm.o
                0x0800deec                advgm_resume
 .text.advgm_playing
                0x0800df08        0xc advgm.o
                0x0800df08                advgm_playing
 .text.advgm_get_music_offset
                0x0800df14       0x18 advgm.o
                0x0800df14                advgm_get_music_offset
 .text.advgm_set_music_offset
                0x0800df2c       0x14 advgm.o
                0x0800df2c                advgm_set_music_offset
 .text          0x0800df40       0x8c tonc_bios.o
                0x0800df40                SoftReset
                0x0800df44                RegisterRamReset
                0x0800df48                Halt
                0x0800df4c                Stop
                0x0800df50                IntrWait
                0x0800df54                VBlankIntrWait
                0x0800df58                Div
                0x0800df5c                DivArm
                0x0800df60                Sqrt
                0x0800df64                ArcTan
                0x0800df68                ArcTan2
                0x0800df6c                CpuSet
                0x0800df70                CpuFastSet
                0x0800df74                BiosCheckSum
                0x0800df78                BgAffineSet
                0x0800df7c                ObjAffineSet
                0x0800df80                BitUnPack
                0x0800df84                LZ77UnCompWram
                0x0800df88                LZ77UnCompVram
                0x0800df8c                HuffUnComp
                0x0800df90                RLUnCompWram
                0x0800df94                RLUnCompVram
                0x0800df98                Diff8bitUnFilterWram
                0x0800df9c                Diff8bitUnFilterVram
                0x0800dfa0                Diff16bitUnFilter
                0x0800dfa4                SoundBias
                0x0800dfa8                SoundDriverInit
                0x0800dfac                SoundDriverMode
                0x0800dfb0                SoundDriverMain
                0x0800dfb4                SoundDriverVSync
                0x0800dfb8                SoundChannelClear
                0x0800dfbc                MidiKey2Freq
                0x0800dfc0                MultiBoot
                0x0800dfc4                SoundDriverVSyncOff
                0x0800dfc8                SoundDriverVSyncOn
 .text          0x0800dfcc       0x3c tonc_memset.o
                0x0800dfcc                memset16
 .text          0x0800e008      0x26c posprintf.o
                0x0800e00c                posprintf
 .text          0x0800e274       0x6c memset.o
                0x0800e274                __agbabi_wordset4
                0x0800e278                __agbabi_lwordset4
 .text.__stub   0x0800e2e0      0x130 linker stubs
 *(.gnu.linkonce.t.*)
 *(.text.*personality*)
 *(.gnu.warning)
 *(.glue_7t)
 .glue_7t       0x0800e410        0x0 linker stubs
 *(.glue_7)
 .glue_7        0x0800e410        0x0 linker stubs
 *(.vfp11_veneer)
 .vfp11_veneer  0x0800e410        0x0 linker stubs
                0x0800e410                        . = ALIGN (0x4)
                0x0800e468                        __text_end = .

.v4_bx          0x0800e468        0x0
 .v4_bx         0x0800e468        0x0 linker stubs

.iplt           0x0800e468        0x0
 .iplt          0x0800e468        0x0 /opt/devkitpro/devkitARM/lib/gcc/arm-none-eabi/16.1.0/../../../../arm-none-eabi/lib/thumb/gba_crt0.o

.fini           0x0800e468        0xc
 *(.fini)
 .fini          0x0800e468        0x4 /opt/devkitpro/devkitARM/lib/gcc/arm-none-eabi/16.1.0/thumb/crti.o
                0x0800e468                _fini
 .fini          0x0800e46c        0x8 /opt/devkitpro/devkitARM/lib/gcc/arm-none-eabi/16.1.0/thumb/crtn.o
                0x0800e474                        . = ALIGN (0x4)

.rodata         0x0800e474     0x3a58
 *(.rodata)
 .rodata        0x0800e474        0x8 bn_core.o
 .rodata        0x0800e47c       0x10 bn_sprite_tiles_manager.o
 .rodata        0x0800e48c        0xa mas.o
 *fill*         0x0800e496        0x2 ff
 .rodata        0x0800e498       0x90 gbt_player.o
 .rodata        0x0800e528      0xef8 verdana9.o
                0x0800e528                verdana9Font
                0x0800e540                verdana9Glyphs
                0x0800f340                verdana9Widths
 *all.rodata*(*)
 *(.roda)
 *(.rodata.*)
 .rodata.bn_audio_soundbank_bin
                0x0800f420        0xc bn_audio_soundbank.bin.o
                0x0800f420                bn_audio_soundbank_bin
                0x0800f42c                bn_audio_soundbank_bin_end
 .rodata._ZN2bn13audio_manager10play_musicENS_10music_itemENS_7fixed_tILi12EEEb.str1.4
                0x0800f42c     0x112d bn_audio_manager.bn_noflto.o
                                 0x51 (size before relaxing)
 .rodata._ZN2bn13audio_manager18dmg_music_positionEv.part.0.str1.4
                0x08010559        0x0 bn_audio_manager.bn_noflto.o
                                 0x31 (size before relaxing)
 .rodata._ZN2bn9dmg_music12set_positionEii.str1.4
                0x08010559        0x0 bn_audio_manager.bn_noflto.o
                                 0x76 (size before relaxing)
 .rodata._ZN2bn13audio_manager16execute_commandsEv.str1.4
                0x08010559        0x0 bn_audio_manager.bn_noflto.o
                                 0x5e (size before relaxing)
 *fill*         0x08010559        0x3 ff
 .rodata._ZN2bn13audio_manager16execute_commandsEv
                0x0801055c       0x74 bn_audio_manager.bn_noflto.o
 .rodata._ZN2bn18best_fit_allocatorD2Ev.str1.4
                0x080105d0        0x0 bn_best_fit_allocator.o
                                 0x4b (size before relaxing)
 .rodata._ZN2bn18best_fit_allocator5allocEi.str1.4
                0x080105d0        0x0 bn_best_fit_allocator.o
                                 0x24 (size before relaxing)
 .rodata._ZN2bn18best_fit_allocator5resetEPvi.str1.4
                0x080105d0        0x0 bn_best_fit_allocator.o
                                 0x61 (size before relaxing)
 .rodata._ZNK2bn19regular_bg_map_item9cells_ptrEi.part.0.str1.4
                0x080105d0        0x0 bn_bg_blocks_manager.o
                                 0x60 (size before relaxing)
 .rodata._ZNK2bn8optionalINS_19affine_bg_tiles_ptrEEptEv.part.0.str1.4
                0x080105d0        0x0 bn_bg_blocks_manager.o
                                 0x32 (size before relaxing)
 .rodata._ZNK2bn8optionalINS_20regular_bg_tiles_ptrEEdeEv.part.0.str1.4
                0x080105d0        0x0 bn_bg_blocks_manager.o
                                  0xa (size before relaxing)
 .rodata._ZN2bn17affine_bg_builderC2ERKNS_14affine_bg_itemEi.str1.4
                0x080105d0        0x0 bn_bgs_manager.o
                                 0x68 (size before relaxing)
 .rodata._ZNK2bn26palette_bitmap_pixels_item10decompressENS_4spanIhEE.str1.4
                0x080105d0        0x0 bn_bgs_manager.o
                                 0xc3 (size before relaxing)
 .rodata._ZNK2bn8optionalINS_17affine_bg_map_ptrEEdeEv.part.0.str1.4
                0x080105d0        0x0 bn_bgs_manager.o
                                 0x32 (size before relaxing)
 .rodata._ZNK2bn8optionalINS_17affine_bg_map_ptrEEptEv.part.0.str1.4
                0x080105d0        0x0 bn_bgs_manager.o
                                  0xb (size before relaxing)
 .rodata._ZN2bn11bgs_manager15set_regular_mapEPvONS_18regular_bg_map_ptrE.str1.4
                0x080105d0        0x0 bn_bgs_manager.o
                                 0x52 (size before relaxing)
 .rodata._ZN2bn11bgs_manager36fill_hblank_effect_affine_attributesEPvPKNS_20affine_bg_attributesEPt.str1.4
                0x080105d0        0x0 bn_bgs_manager.o
                                 0x41 (size before relaxing)
 .rodata._ZN2bn11bgs_manager37fill_hblank_effect_regular_attributesEPvPKNS_21regular_bg_attributesEPt.str1.4
                0x080105d0        0x0 bn_bgs_manager.o
                                 0x26 (size before relaxing)
 .rodata._ZN2bn11bgs_manager15rebuild_handlesEv.part.0.str1.4
                0x080105d0        0x0 bn_bgs_manager.o
                                 0x93 (size before relaxing)
 .rodata._ZN3_bn6assert12_GLOBAL__N_1L10_show_implEPKcS3_S3_iRKN2bn11string_viewE.str1.4
                0x080105d0        0x0 bn_core.o
                                 0x38 (size before relaxing)
 .rodata.str1.4
                0x080105d0        0x0 bn_core.o
                                  0xb (size before relaxing)
 .rodata._ZN2bn22hblank_effects_manager12_GLOBAL__N_1L10_is_uint32ENS0_12handler_typeE.str1.4
                0x080105d0        0x0 bn_hblank_effects_manager.o
                                 0x42 (size before relaxing)
 .rodata._ZN2bn22hblank_effects_manager12_GLOBAL__N_19item_type12check_updateEv.str1.4
                0x080105d0        0x0 bn_hblank_effects_manager.o
                                0x155 (size before relaxing)
 .rodata._ZN2bn22hblank_effects_manager12_GLOBAL__N_19item_type12check_updateEv
                0x080105d0       0xa8 bn_hblank_effects_manager.o
 .rodata._ZN2bn22hblank_effects_manager6updateEv.str1.4
                0x08010678        0x0 bn_hblank_effects_manager.o
                                 0x25 (size before relaxing)
 .rodata._ZN2bn7ivectorIaE9push_backEOa.part.0.str1.4
                0x08010678        0x0 bn_hblank_effects_manager.o
                                 0x27 (size before relaxing)
 .rodata._ZN2bn14keypad_manager6updateEv.str1.4
                0x08010678        0x0 bn_keypad_manager.o
                                 0x5b (size before relaxing)
 .rodata._ZN2bn14keypad_manager4initERKNS_11string_viewE.str1.4
                0x08010678        0x0 bn_keypad_manager.o
                                 0x54 (size before relaxing)
 .rodata._ZNK2bn13palettes_bank6colorsEi.str1.4
                0x08010678        0x0 bn_palettes_manager.o
                                 0x33 (size before relaxing)
 .rodata._ZN2bn13palettes_bank12create_bpp_8ERKNS_4spanIKNS_5colorEEENS_16compression_typeEb.str1.4
                0x08010678        0x0 bn_palettes_manager.o
                                 0xcb (size before relaxing)
 .rodata._ZNK2bn13palettes_bank21_apply_global_effectsEiPNS_5colorE.str1.4
                0x08010678        0x0 bn_palettes_manager.o
                                 0x27 (size before relaxing)
 .rodata._ZN2bn26sprite_affine_mats_manager22reserve_sprite_handlesEi.str1.4
                0x08010678        0x0 bn_sprite_affine_mats_manager.o
                                 0x72 (size before relaxing)
 .rodata._ZN2bn26sprite_affine_mats_manager12_GLOBAL__N_1L15_new_item_indexEv.str1.4
                0x08010678        0x0 bn_sprite_affine_mats_manager.o
                                 0x69 (size before relaxing)
 .rodata._ZN2bn7ivectorIaE9push_backEOa.part.0.str1.4
                0x08010678        0x0 bn_sprite_affine_mats_manager.o
                                 0x1b (size before relaxing)
 .rodata._ZN2bn26sprite_affine_mats_manager14dettach_spriteEiRNS_24intrusive_list_node_typeE.str1.4
                0x08010678        0x0 bn_sprite_affine_mats_manager.o
                                 0x22 (size before relaxing)
 .rodata._ZN2bn14sprite_builder20set_blending_enabledEb.str1.4
                0x08010678        0x0 bn_sprites_manager.o
                                 0x6a (size before relaxing)
 .rodata._ZN2bn15sprites_manager20set_blending_enabledEPvb.str1.4
                0x08010678        0x0 bn_sprites_manager.o
                                 0x17 (size before relaxing)
 .rodata._ZNK2bn17sprite_shape_size6heightEv.isra.0.str1.4
                0x08010678        0x0 bn_sprites_manager.o
                                 0x40 (size before relaxing)
 .rodata._ZNK2bn17sprite_shape_size5widthEv.isra.0.str1.4
                0x08010678        0x0 bn_sprites_manager.o
                                  0x6 (size before relaxing)
 .rodata._ZN2bn8optionalINS_18sprite_palette_ptrEEdeEv.part.0.str1.4
                0x08010678        0x0 bn_sprites_manager.o
                                 0x32 (size before relaxing)
 .rodata._ZN2bn14sprite_builderC2ERKNS_17sprite_shape_sizeENS_16sprite_tiles_ptrENS_18sprite_palette_ptrE.str1.4
                0x08010678        0x0 bn_sprites_manager.o
                                 0x6e (size before relaxing)
 .rodata._ZN2bn15sprites_manager6updateEv.str1.4
                0x08010678        0x0 bn_sprites_manager.o
                                 0x2f (size before relaxing)
 .rodata._ZN2bn15sprites_manager35fill_hblank_effect_third_attributesENS_17sprite_shape_sizeEPKNS_23sprite_third_attributesEPt.str1.4
                0x08010678        0x0 bn_sprites_manager.o
                                 0x93 (size before relaxing)
 .rodata._ZN2bn2hw7sprites12_GLOBAL__N_1L10_obj_sizesE
                0x08010678       0x18 bn_sprites_manager.o
 .rodata._ZNK2bn17sprite_tiles_item18graphics_tiles_refEv.part.0.str1.4
                0x08010690        0x0 bn_sprite_tiles_manager.o
                                 0x66 (size before relaxing)
 .rodata._ZN2bn20sprite_tiles_manager12_GLOBAL__N_1L10_hw_commitEPKNS_4tileENS_16compression_typeEii.str1.4
                0x08010690        0x0 bn_sprite_tiles_manager.o
                                 0x43 (size before relaxing)
 .rodata._ZN2bn7ivectorItE9push_backEOt.part.0.str1.4
                0x08010690        0x0 bn_sprite_tiles_manager.o
                                 0x27 (size before relaxing)
 .rodata._ZN2bn20sprite_tiles_manager12_GLOBAL__N_1L17_insert_free_itemEi.str1.4
                0x08010690        0x0 bn_sprite_tiles_manager.o
                                 0x41 (size before relaxing)
 .rodata._ZN2bn20sprite_tiles_manager12_GLOBAL__N_1L16_erase_free_itemEi.str1.4
                0x08010690        0x0 bn_sprite_tiles_manager.o
                                 0x40 (size before relaxing)
 .rodata._ZN2bn20sprite_tiles_manager12_GLOBAL__N_1L21_erase_items_map_itemEPKNS_4tileE.str1.4
                0x08010690        0x0 bn_sprite_tiles_manager.o
                                 0x3a (size before relaxing)
 .rodata._ZN3_bn6assert9show_argsIJA16_ciA4_ciEEEvPKcS5_S5_iDpRKT_.str1.4
                0x08010690        0x0 bn_sstream.o
                                 0x43 (size before relaxing)
 .rodata._ZN2bn12_GLOBAL__N_1L14_append_numberILi12EiEEvT0_RNS_7istringE.str1.4
                0x08010690        0x0 bn_sstream.o
                                 0x96 (size before relaxing)
 .rodata._ZN2bn13ostringstream6appendEPKc.str1.4
                0x08010690        0x0 bn_sstream.o
                                 0x18 (size before relaxing)
 .rodata._ZN2bn12color_effect4fadeENS_5colorENS_7fixed_tILi12EEENS_4spanIS1_EE.str1.4
                0x08010690        0x0 bn_translation_unit.o
                                 0x4b (size before relaxing)
 .rodata._ZN2bn18igeneric_pool_baseD2Ev.str1.4
                0x08010690        0x0 bn_translation_unit.o
                                 0x3e (size before relaxing)
 .rodata._ZN2bn18igeneric_pool_base9_allocateEv.str1.4
                0x08010690        0x0 bn_translation_unit.o
                                 0x19 (size before relaxing)
 .rodata._ZN2bn2hw5audio15set_mixing_rateENS_17audio_mixing_rateE.str1.4
                0x08010690        0x0 bn_hw_audio.o
                                 0xaf (size before relaxing)
 .rodata._ZN2bn2hw5audio15set_sound_speedEtNS_7fixed_tILi12EEES3_.str1.4
                0x08010690        0x0 bn_hw_audio.o
                                 0x2b (size before relaxing)
 .rodata._ZN2bn13iforward_listINS_2hw5audio12_GLOBAL__N_110sound_typeEE11erase_afterENS5_14const_iteratorE.part.0.str1.4
                0x08010690        0x0 bn_hw_audio.o
                                 0x2e (size before relaxing)
 .rodata._ZN2bn2hw5audio12_GLOBAL__N_1L19_add_sound_to_queueEit.str1.4
                0x08010690        0x0 bn_hw_audio.o
                                 0x21 (size before relaxing)
 .rodata._ZN2bn2hw5audio12_GLOBAL__N_1L23_erase_sound_from_queueEt.str1.4
                0x08010690        0x0 bn_hw_audio.o
                                 0x29 (size before relaxing)
 .rodata._ZN2bn2hw5audio12_GLOBAL__N_1L19_check_sounds_queueEi.part.0.str1.4
                0x08010690        0x0 bn_hw_audio.o
                                 0x12 (size before relaxing)
 .rodata.CSWTCH.115
                0x08010690       0x20 bn_hw_audio.o
 .rodata.__cxa_pure_virtual.str1.4
                0x080106b0        0x0 bn_hw_common.bn_noflto.o
                                 0x4f (size before relaxing)
 .rodata.__aeabi_idiv0.str1.4
                0x080106b0        0x0 bn_hw_common.bn_noflto.o
                                 0x38 (size before relaxing)
 .rodata._ZN2bn2hw9dmg_audio10play_musicEPKvNS_14dmg_music_typeEib.str1.4
                0x080106b0        0x0 bn_hw_dmg_audio.o
                                 0x5e (size before relaxing)
 .rodata._ZN2bn2hw9dmg_audio18set_music_positionEii.str1.4
                0x080106b0        0x0 bn_hw_dmg_audio.o
                                 0x26 (size before relaxing)
 .rodata._ZN2bn2hw9dmg_audio16set_music_volumeENS_7fixed_tILi12EEES3_.str1.4
                0x080106b0        0x0 bn_hw_dmg_audio.o
                                 0x39 (size before relaxing)
 .rodata._ZN2bn2hw9dmg_audio19check_commit_resultEv.str1.4
                0x080106b0        0x0 bn_hw_dmg_audio.o
                                 0x2a (size before relaxing)
 .rodata._ZN2bn2hw8game_pak12_GLOBAL__N_1L8rom_dataE
                0x080106b0        0xc bn_hw_game_pak.bn_ewram.o
 .rodata._ZN2bn2hw4gpio12_GLOBAL__N_1L10rtc_stringE
                0x080106bc        0xc bn_hw_gpio.bn_noflto.o
 .rodata._ZN2bn6idequeINS_2lc12LinkResponseEE5frontEv.part.0.str1.4
                0x080106c8        0x0 bn_hw_link.o
                                 0x27 (size before relaxing)
 .rodata._ZN2bn6idequeItE9pop_frontEv.part.0.str1.4
                0x080106c8        0x0 bn_hw_link.o
                                  0xa (size before relaxing)
 .rodata._ZN2bn2hw8palettes12_GLOBAL__N_1L13hue_shift_lutE
                0x080106c8      0x4a4 bn_hw_palettes.o
 .rodata._ZN2bn2hw8palettes12_GLOBAL__N_1L13intensity_lutE
                0x08010b6c      0x420 bn_hw_palettes.o
 .rodata._ZN2bn2hw8palettes12_GLOBAL__N_1L12contrast_lutE
                0x08010f8c      0x420 bn_hw_palettes.o
 .rodata._ZN2bn7istring6appendEPKci.isra.0.str1.4
                0x080113ac        0x0 bn_hw_show.o
                                 0xaf (size before relaxing)
 .rodata._ZN2bn2hw4show5errorERKNS_11system_fontERKNS_11string_viewES7_S7_iS7_S7_.str1.4
                0x080113ac        0x0 bn_hw_show.o
                                 0x54 (size before relaxing)
 .rodata._ZN2bn2hw4sram12_GLOBAL__N_1L11save_stringE
                0x080113ac        0xa bn_hw_sram.bn_noflto.o
 .rodata._ZN2bn2hw4text5parseEPKvPc.str1.4
                0x080113b6        0x0 bn_hw_text.o
                                 0x40 (size before relaxing)
 .rodata._ZN2bn2hw4text5parseEjPc.str1.4
                0x080113b6        0x0 bn_hw_text.o
                                  0x7 (size before relaxing)
 *fill*         0x080113b6        0x2 ff
 .rodata.m3_surface
                0x080113b8       0x14 tonc_sbmp16.o
                0x080113b8                m3_surface
 .rodata.srf.0  0x080113cc       0x14 tte_main.o
 .rodata.IT_PitchTable
                0x080113e0      0x1e0 mas_arm.o
 .rodata.ST3_FREQTABLE
                0x080115c0       0x18 mas_arm.o
 .rodata.note_table_mod
                0x080115d8       0x6d mas_arm.o
 *fill*         0x08011645        0x3 ff
 .rodata.note_table_oct
                0x08011648       0x1e mas_arm.o
 .rodata.mpp_Process_Effect.str1.4
                0x08011666        0x0 mas.o
                                 0x3b (size before relaxing)
 *fill*         0x08011666        0x2 ff
 .rodata.mpp_Process_Effect
                0x08011668       0xbc mas.o
 .rodata.mpp_TABLE_FineSineData
                0x08011724      0x100 mas.o
 .rodata.mpp_TABLE_FineLinearSlideDownTable
                0x08011824       0x20 mas.o
 .rodata.mpp_TABLE_FineLinearSlideUpTable
                0x08011844       0x20 mas.o
 .rodata.mpp_TABLE_LinearSlideDownTable
                0x08011864      0x202 mas.o
 *fill*         0x08011a66        0x2 ff
 .rodata.mpp_TABLE_LinearSlideUpTable
                0x08011a68      0x202 mas.o
 *fill*         0x08011c6a        0x2 ff
 .rodata.mp_bpm_divisors.0
                0x08011c6c       0x20 mixer.o
 .rodata.mp_timing_sheet.1
                0x08011c8c       0x10 mixer.o
 .rodata.mp_rate_scales.2
                0x08011c9c       0x10 mixer.o
 .rodata.mp_mixing_lengths.3
                0x08011cac       0x10 mixer.o
 .rodata.gbt_refresh_pattern_ptr.str1.4
                0x08011cbc        0x0 gbt_player.o
                                  0x9 (size before relaxing)
 .rodata.gbt_ch4_jump_table
                0x08011cbc       0x40 gbt_player.o
 .rodata.gbt_ch3_jump_table
                0x08011cfc       0x40 gbt_player.o
 .rodata.gbt_ch2_jump_table
                0x08011d3c       0x40 gbt_player.o
 .rodata.gbt_ch1_jump_table
                0x08011d7c       0x40 gbt_player.o
 .rodata.vibrato_sine
                0x08011dbc       0x80 gbt_player.o
 .rodata.gbt_noise
                0x08011e3c       0x10 gbt_player.o
 .rodata.gbt_default_wave_7
                0x08011e4c       0x10 gbt_player.o
 .rodata.gbt_default_wave_6
                0x08011e5c       0x10 gbt_player.o
 .rodata.gbt_default_wave_5
                0x08011e6c       0x10 gbt_player.o
 .rodata.gbt_default_wave_4
                0x08011e7c       0x10 gbt_player.o
 .rodata.gbt_default_wave_3
                0x08011e8c       0x10 gbt_player.o
 .rodata.gbt_default_wave_2
                0x08011e9c       0x10 gbt_player.o
 .rodata.gbt_default_wave_1
                0x08011eac       0x10 gbt_player.o
 .rodata.gbt_default_wave_0
                0x08011ebc       0x10 gbt_player.o
 *(.gnu.linkonce.r*)
                0x08011ecc                        . = ALIGN (0x4)

.ARM.extab
 *(.ARM.extab* .gnu.linkonce.armextab.*)
                0x08011ecc                        __exidx_start = .

.ARM.exidx
 *(.ARM.exidx* .gnu.linkonce.armexidx.*)
                0x08011ecc                        __exidx_end = .

.ctors          0x08011ecc        0x0
 *crtbegin.o(.ctors)
 *(EXCLUDE_FILE(*crtend.o) .ctors)
 *(SORT_BY_NAME(.ctors.*))
 *(.ctors)
                0x08011ecc                        . = ALIGN (0x4)

.dtors          0x08011ecc        0x0
 *crtbegin.o(.dtors)
 *(EXCLUDE_FILE(*crtend.o) .dtors)
 *(SORT_BY_NAME(.dtors.*))
 *(.dtors)
                0x08011ecc                        . = ALIGN (0x4)

.eh_frame       0x08011ecc        0x4
 *(.eh_frame)